Archive member included to satisfy reference by file (symbol)

/usr/bin/../lib/gcc/arm-none-eabi/7.3.1/thumb/v7-m/libgcc.a(_aeabi_ldivmod.o)
                              msg_decoder.o (__aeabi_ldivmod)
/usr/bin/../lib/gcc/arm-none-eabi/7.3.1/thumb/v7-m/libgcc.a(_aeabi_uldivmod.o)
                              msg_decoder.o (__aeabi_uldivmod)
/usr/bin/../lib/gcc/arm-none-eabi/7.3.1/thumb/v7-m/libgcc.a(_udivmoddi4.o)
                              /usr/bin/../lib/gcc/arm-none-eabi/7.3.1/thumb/v7-m/libgcc.a(_aeabi_ldivmod.o) (__udivmoddi4)
/usr/bin/../lib/gcc/arm-none-eabi/7.3.1/thumb/v7-m/libgcc.a(_dvmd_tls.o)
                              /usr/bin/../lib/gcc/arm-none-eabi/7.3.1/thumb/v7-m/libgcc.a(_aeabi_ldivmod.o) (__aeabi_ldiv0)
/usr/bin/../lib/gcc/arm-none-eabi/7.3.1/../../../../arm-none-eabi/lib/thumb/v7-m/libc.a(lib_a-memcpy.o)
                              runGameTaak.o (memcpy)
/usr/bin/../lib/gcc/arm-none-eabi/7.3.1/../../../../arm-none-eabi/lib/thumb/v7-m/libc.a(lib_a-memset.o)
                              main.o (memset)

Allocating common symbols
Common symbol       size              file

__dso_handle        0x4               bmptk_cortex.o

Discarded input sections

 .group         0x0000000000000000        0x8 ButtonTaak.o
 .group         0x0000000000000000        0x8 ButtonTaak.o
 .group         0x0000000000000000        0xc ButtonTaak.o
 .group         0x0000000000000000        0xc ButtonTaak.o
 .group         0x0000000000000000        0xc ButtonTaak.o
 .text          0x0000000000000000        0x0 ButtonTaak.o
 .data          0x0000000000000000        0x0 ButtonTaak.o
 .bss           0x0000000000000000        0x0 ButtonTaak.o
 .text._ZN3due11ad_pin_infoENS_7ad_pinsE
                0x0000000000000000       0x1c ButtonTaak.o
 .text._ZN3due11ad_seq_infoEm
                0x0000000000000000       0x20 ButtonTaak.o
 .text._ZN5hwlib19uart_char_availableEv
                0x0000000000000000        0x4 ButtonTaak.o
 .text._ZN5hwlib9uart_getcEv
                0x0000000000000000        0x4 ButtonTaak.o
 .rodata._ZZN3due11ad_pin_infoENS_7ad_pinsEE17ad_pin_info_array
                0x0000000000000000        0xc ButtonTaak.o
 .rodata._ZZN3due11ad_seq_infoEmE12ad_seq_array
                0x0000000000000000       0x70 ButtonTaak.o
 .group         0x0000000000000000        0xc InputControlTaak.o
 .group         0x0000000000000000        0x8 InputControlTaak.o
 .group         0x0000000000000000        0xc InputControlTaak.o
 .group         0x0000000000000000        0xc InputControlTaak.o
 .text          0x0000000000000000        0x0 InputControlTaak.o
 .data          0x0000000000000000        0x0 InputControlTaak.o
 .bss           0x0000000000000000        0x0 InputControlTaak.o
 .text._ZN6sam3xa10SystemInitEv
                0x0000000000000000       0x7c InputControlTaak.o
 .text._ZN3due8pin_infoENS_4pinsE
                0x0000000000000000       0x20 InputControlTaak.o
 .text._ZN3due11ad_pin_infoENS_7ad_pinsE
                0x0000000000000000       0x1c InputControlTaak.o
 .text._ZN3due11ad_seq_infoEm
                0x0000000000000000       0x20 InputControlTaak.o
 .text._ZN3due14port_registersEm
                0x0000000000000000       0x54 InputControlTaak.o
 .text._ZN3due12ticks_per_usEv
                0x0000000000000000        0x6 InputControlTaak.o
 .text._ZN3due9now_ticksEv
                0x0000000000000000       0x80 InputControlTaak.o
 .text._ZN5hwlib9uart_putcEc
                0x0000000000000000        0x4 InputControlTaak.o
 .text._ZN5hwlib19uart_char_availableEv
                0x0000000000000000        0x4 InputControlTaak.o
 .text._ZN5hwlib9uart_getcEv
                0x0000000000000000        0x4 InputControlTaak.o
 .bss._ZZN3due9now_ticksEvE4high
                0x0000000000000000        0x8 InputControlTaak.o
 .bss._ZZN3due9now_ticksEvE8last_low
                0x0000000000000000        0x4 InputControlTaak.o
 .bss._ZZN3due9now_ticksEvE9init_done
                0x0000000000000000        0x1 InputControlTaak.o
 .data._ZN6sam3xa15SystemCoreClockE
                0x0000000000000000        0x4 InputControlTaak.o
 .rodata._ZN3due8pin_infoENS_4pinsE.str1.1
                0x0000000000000000       0x33 InputControlTaak.o
 .rodata._ZZN3due11ad_pin_infoENS_7ad_pinsEE17ad_pin_info_array
                0x0000000000000000        0xc InputControlTaak.o
 .rodata._ZZN3due11ad_seq_infoEmE12ad_seq_array
                0x0000000000000000       0x70 InputControlTaak.o
 .rodata._ZZN3due8pin_infoENS_4pinsEE14pin_info_array
                0x0000000000000000       0xa4 InputControlTaak.o
 .group         0x0000000000000000        0x8 KeypadTaak.o
 .group         0x0000000000000000        0x8 KeypadTaak.o
 .group         0x0000000000000000        0x8 KeypadTaak.o
 .group         0x0000000000000000        0x8 KeypadTaak.o
 .group         0x0000000000000000        0x8 KeypadTaak.o
 .group         0x0000000000000000        0x8 KeypadTaak.o
 .group         0x0000000000000000        0x8 KeypadTaak.o
[...]
Memory Configuration

Name             Origin             Length             Attributes
rom              0x0000000000000000 0x0000000000080000 xr
ram              0x0000000020000000 0x0000000000018000 xrw
nul              0x0000000020018000 0x0000000000000000 xrw
*default*        0x0000000000000000 0xffffffffffffffff

Linker script and memory map

LOAD /usr/bin/../lib/gcc/arm-none-eabi/7.3.1/thumb/v7-m/libgcc.a
LOAD ButtonTaak.o
LOAD InputControlTaak.o
LOAD KeypadTaak.o
LOAD PlayerInfo.o
LOAD runGameTaak.o
LOAD SendTask.o
LOAD TransferHitsControlTaak.o
LOAD pause_detector.o
LOAD DisplayTaak.o
LOAD msg_decoder.o
LOAD switch_to.o
LOAD coroutine.o
LOAD rtos.o
LOAD hwlib.o
LOAD main.o
LOAD bmptk_cortex.o
LOAD bmptk_heap_bmptk.o
LOAD bmptk_fixed_size_stack.o
LOAD /usr/bin/../lib/gcc/arm-none-eabi/7.3.1/../../../../arm-none-eabi/lib/thumb/v7-m/libm.a
LOAD /usr/bin/../lib/gcc/arm-none-eabi/7.3.1/thumb/v7-m/libgcc.a
LOAD /usr/bin/../lib/gcc/arm-none-eabi/7.3.1/../../../../arm-none-eabi/lib/thumb/v7-m/libc.a
                0x0000000000000000                __rom_start = ORIGIN (rom)
                0x0000000000080000                __rom_size = LENGTH (rom)
                0x0000000000080000                __rom_end = (__rom_start + __rom_size)
                0x0000000020000000                __ram_start = ORIGIN (ram)
                0x0000000000018000                __ram_size = LENGTH (ram)
                0x0000000020018000                __ram_end = (__ram_start + __ram_size)
                [!provide]                        PROVIDE (__rom_start = __rom_start)
                [!provide]                        PROVIDE (__rom_size = __rom_size)
                [!provide]                        PROVIDE (__rom_end = __rom_end)
                [!provide]                        PROVIDE (__ram_start = __ram_start)
                [!provide]                        PROVIDE (__ram_size = __ram_size)
                [!provide]                        PROVIDE (__ram_end = __ram_end)

.text           0x0000000000000000     0x5ce0
                0x0000000000000000                . = ALIGN (0x4)
                0x0000000000000000                __text_start = .
                [!provide]                        PROVIDE (__text_start = __text_start)
                0x0000000000000000                . = ALIGN (0x4)
 *(.vectors)
 .vectors       0x0000000000000000       0x20 bmptk_cortex.o
                0x0000000000000000                __vectors
                0x0000000000000020                . = ALIGN (0x4)
 *(.text .text.* .gnu.linkonce.t.*)
 .text._ZN3due6pin_in4readEv
                0x0000000000000020       0x10 ButtonTaak.o
                0x0000000000000020                due::pin_in::read()
 .text._ZN3due6pin_in7refreshEv
                0x0000000000000030        0x2 ButtonTaak.o
                0x0000000000000030                due::pin_in::refresh()
 *fill*         0x0000000000000032        0x2 
 .text._ZN6sam3xa10SystemInitEv
                0x0000000000000034       0x7c ButtonTaak.o
                0x0000000000000034                sam3xa::SystemInit()
 .text._ZN3due8pin_infoENS_4pinsE
                0x00000000000000b0       0x20 ButtonTaak.o
                0x00000000000000b0                due::pin_info(due::pins)
 .text._ZN3due14port_registersEm
                0x00000000000000d0       0x54 ButtonTaak.o
                0x00000000000000d0                due::port_registers(unsigned long)
 .text._ZN3due6pin_inC2ENS_4pinsE
                0x0000000000000124       0x34 ButtonTaak.o
                0x0000000000000124                due::pin_in::pin_in(due::pins)
                0x0000000000000124                due::pin_in::pin_in(due::pins)
 .text.startup._ZN10ButtonTaak4mainEv
                0x0000000000000158       0x98 ButtonTaak.o
                0x0000000000000158                ButtonTaak::main()
 .text._ZN3due12ticks_per_usEv
                0x00000000000001f0        0x6 ButtonTaak.o
                0x00000000000001f0                due::ticks_per_us()
 *fill*         0x00000000000001f6        0x2 
 .text._ZN3due9now_ticksEv
                0x00000000000001f8       0x80 ButtonTaak.o
                0x00000000000001f8                due::now_ticks()
 .text._ZN5hwlib9uart_putcEc
                0x0000000000000278        0x4 ButtonTaak.o
                0x0000000000000278                hwlib::uart_putc(char)
 .text._ZN16InputControlTaak10KeyPressedEc
                0x000000000000027c       0x4a InputControlTaak.o
                0x000000000000027c                InputControlTaak::KeyPressed(char)
                0x00000000000002bc                non-virtual thunk to InputControlTaak::KeyPressed(char)
 .text._ZN5hwlib7ostream6fillerEi
                0x00000000000002c6       0x1a InputControlTaak.o
                0x00000000000002c6                hwlib::ostream::filler(int)
 .text._ZN5hwliblsERNS_7ostreamEPKc
                0x00000000000002e0       0x54 InputControlTaak.o
                0x00000000000002e0                hwlib::operator<<(hwlib::ostream&, char const*)
 .text.startup._ZN16InputControlTaak4mainEv
                0x0000000000000334      0x214 InputControlTaak.o
                0x0000000000000334                InputControlTaak::main()
 .text._ZN5hwlib21port_direct_from_in_t14number_of_pinsEv
                0x0000000000000548        0x8 KeypadTaak.o
                0x0000000000000548                hwlib::port_direct_from_in_t::number_of_pins()
 .text._ZN5hwlib21port_direct_from_in_t4readEv
                0x0000000000000550       0x18 KeypadTaak.o
                0x0000000000000550                hwlib::port_direct_from_in_t::read()
 .text._ZN5hwlib21port_direct_from_in_t7refreshEv
                0x0000000000000568        0x2 KeypadTaak.o
                0x0000000000000568                hwlib::port_direct_from_in_t::refresh()
 .text._ZN5hwlib21port_direct_from_oc_t14number_of_pinsEv
                0x000000000000056a        0x8 KeypadTaak.o
                0x000000000000056a                hwlib::port_direct_from_oc_t::number_of_pins()
 .text._ZN5hwlib21port_direct_from_oc_t5writeEj
                0x0000000000000572       0x18 KeypadTaak.o
                0x0000000000000572                hwlib::port_direct_from_oc_t::write(unsigned int)
 .text._ZN5hwlib21port_direct_from_oc_t4readEv
                0x000000000000058a       0x18 KeypadTaak.o
                0x000000000000058a                hwlib::port_direct_from_oc_t::read()
 .text._ZN5hwlib21port_direct_from_oc_t5flushEv
                0x00000000000005a2        0x2 KeypadTaak.o
                0x00000000000005a2                hwlib::port_direct_from_oc_t::flush()
 .text._ZN5hwlib21port_direct_from_oc_t7refreshEv
                0x00000000000005a4        0x2 KeypadTaak.o
                0x00000000000005a4                hwlib::port_direct_from_oc_t::refresh()
 .text._ZN5hwlib7istream11getc_nowaitEv
                0x00000000000005a6       0x1a KeypadTaak.o
                0x00000000000005a6                hwlib::istream::getc_nowait()
 .text._ZN3due6pin_oc4readEv
                0x00000000000005c0       0x10 KeypadTaak.o
                0x00000000000005c0                due::pin_oc::read()
 .text._ZN3due6pin_oc5writeEb
                0x00000000000005d0       0x10 KeypadTaak.o
                0x00000000000005d0                due::pin_oc::write(bool)
 .text._ZN3due6pin_oc5flushEv
                0x00000000000005e0        0x2 KeypadTaak.o
                0x00000000000005e0                due::pin_oc::flush()
 .text._ZN3due6pin_oc7refreshEv
                0x00000000000005e2        0x2 KeypadTaak.o
                0x00000000000005e2                due::pin_oc::refresh()
 .text._ZN5hwlib6keypadILi16EE4getcEv
                0x00000000000005e4       0x24 KeypadTaak.o
                0x00000000000005e4                hwlib::keypad<16>::getc()
 .text._ZN3due6pin_ocC2ENS_4pinsE
                0x0000000000000608       0x34 KeypadTaak.o
                0x0000000000000608                due::pin_oc::pin_oc(due::pins)
                0x0000000000000608                due::pin_oc::pin_oc(due::pins)
 .text._ZN5hwlib6keypadILi16EE7pressedEv
                0x000000000000063c       0x70 KeypadTaak.o
                0x000000000000063c                hwlib::keypad<16>::pressed()
 .text.startup._ZN10KeypadTaak4mainEv
                0x00000000000006ac      0x138 KeypadTaak.o
                0x00000000000006ac                KeypadTaak::main()
 .text._ZN5hwlib6keypadILi16EE14char_availableEv
                0x00000000000007e4       0x4a KeypadTaak.o
                0x00000000000007e4                hwlib::keypad<16>::char_available()
 .text._ZN10PlayerInfo9GetWeaponEi
                0x000000000000082e       0x20 PlayerInfo.o
                0x000000000000082e                PlayerInfo::GetWeapon(int)
 .text._ZN10PlayerInfo16GetCurrentWeaponEv
                0x000000000000084e        0x6 PlayerInfo.o
                0x000000000000084e                PlayerInfo::GetCurrentWeapon()
 .text._ZN10PlayerInfo9SetWeaponEi
                0x0000000000000854        0x6 PlayerInfo.o
                0x0000000000000854                PlayerInfo::SetWeapon(int)
 .text._ZN10PlayerInfo11GetPlayerIDEv
                0x000000000000085a        0x4 PlayerInfo.o
                0x000000000000085a                PlayerInfo::GetPlayerID()
 .text._ZN10PlayerInfo11SetPlayerIDEj
                0x000000000000085e        0x4 PlayerInfo.o
                0x000000000000085e                PlayerInfo::SetPlayerID(unsigned int)
 .text._ZN10PlayerInfo9SetHealthEi
                0x0000000000000862        0x6 PlayerInfo.o
                0x0000000000000862                PlayerInfo::SetHealth(int)
 .text._ZN10PlayerInfo9GetHealthEv
                0x0000000000000868        0x6 PlayerInfo.o
                0x0000000000000868                PlayerInfo::GetHealth()
 .text._ZN11RunGameTaak11sendMessageEm
                0x000000000000086e       0x16 runGameTaak.o
                0x000000000000086e                RunGameTaak::sendMessage(unsigned long)
 .text._ZThn4228_N11RunGameTaak11sendMessageEm
                0x0000000000000884        0xc runGameTaak.o
                0x0000000000000884                non-virtual thunk to RunGameTaak::sendMessage(unsigned long)
 .text._ZN11RunGameTaak12InputMessageE8buttonid
                0x0000000000000890       0x40 runGameTaak.o
                0x0000000000000890                RunGameTaak::InputMessage(buttonid)
 .text._ZThn4232_N11RunGameTaak12InputMessageE8buttonid
                0x00000000000008d0        0xc runGameTaak.o
                0x00000000000008d0                non-virtual thunk to RunGameTaak::InputMessage(buttonid)
 .text._ZN5hwlib7ostreamlsEc
                0x00000000000008dc        0xe runGameTaak.o
                0x00000000000008dc                hwlib::ostream::operator<<(char)
 .text._ZN5hwliblsERNS_7ostreamEi
                0x00000000000008ea       0xce runGameTaak.o
                0x00000000000008ea                hwlib::operator<<(hwlib::ostream&, int)
 .text._ZN11RunGameTaak17calculateCheckSumEm
                0x00000000000009b8       0x3e runGameTaak.o
                0x00000000000009b8                RunGameTaak::calculateCheckSum(unsigned long)
 .text._ZN11RunGameTaak19computeStartCommandEmm
                0x00000000000009f6        0xe runGameTaak.o
                0x00000000000009f6                RunGameTaak::computeStartCommand(unsigned long, unsigned long)
 .text._ZN11RunGameTaak19computeShootCommandERm
                0x0000000000000a04       0x68 runGameTaak.o
                0x0000000000000a04                RunGameTaak::computeShootCommand(unsigned long&)
 .text._ZN11RunGameTaak12isHitMessageEm
                0x0000000000000a6c       0x32 runGameTaak.o
                0x0000000000000a6c                RunGameTaak::isHitMessage(unsigned long)
 *fill*         0x0000000000000a9e        0x2 
 .text._ZN11RunGameTaak10computeHitEm
                0x0000000000000aa0       0x64 runGameTaak.o
                0x0000000000000aa0                RunGameTaak::computeHit(unsigned long)
 .text._ZN11RunGameTaak17computeDeathDelayEm
                0x0000000000000b04       0x2e runGameTaak.o
                0x0000000000000b04                RunGameTaak::computeDeathDelay(unsigned long)
 .text._ZN11RunGameTaak17computeShootDelayEv
                0x0000000000000b32       0x4a runGameTaak.o
                0x0000000000000b32                RunGameTaak::computeShootDelay()
 .text._ZN4rtos7channelI8buttonidLi10EE4readEv
                0x0000000000000b7c       0x70 runGameTaak.o
                0x0000000000000b7c                rtos::channel<buttonid, 10>::read()
 .text._ZN11RunGameTaak12waitForInputEc
                0x0000000000000bec       0x7e runGameTaak.o
                0x0000000000000bec                RunGameTaak::waitForInput(char)
 *fill*         0x0000000000000c6a        0x2 
 .text.startup._ZN11RunGameTaak4mainEv
                0x0000000000000c6c      0x8dc runGameTaak.o
                0x0000000000000c6c                RunGameTaak::main()
 .text.startup._ZN8SendTask4mainEv
                0x0000000000001548       0xf8 SendTask.o
                0x0000000000001548                SendTask::main()
 .text._ZN8SendTask11SendMessageEm
                0x0000000000001640       0x16 SendTask.o
                0x0000000000001640                SendTask::SendMessage(unsigned long)
 *fill*         0x0000000000001656        0x2 
 .text.startup._ZN23TransferHitsControlTaak4mainEv
                0x0000000000001658       0xdc TransferHitsControlTaak.o
                0x0000000000001658                TransferHitsControlTaak::main()
 .text._ZN23TransferHitsControlTaak7writingEv
                0x0000000000001734        0xa TransferHitsControlTaak.o
                0x0000000000001734                TransferHitsControlTaak::writing()
 .text._ZN23TransferHitsControlTaak6AddHitEiii
                0x000000000000173e       0x26 TransferHitsControlTaak.o
                0x000000000000173e                TransferHitsControlTaak::AddHit(int, int, int)
 .text.startup._ZN14pause_detector4mainEv
                0x0000000000001764       0x5a pause_detector.o
                0x0000000000001764                pause_detector::main()
 .text._ZN5hwlib8terminal10cursor_setENS_2xyE
                0x00000000000017be       0x28 DisplayTaak.o
                0x00000000000017be                hwlib::terminal::cursor_set(hwlib::xy)
 .text._ZN5hwlib14i2c_primitives8read_ackEv
                0x00000000000017e6       0x10 DisplayTaak.o
                0x00000000000017e6                hwlib::i2c_primitives::read_ack()
 .text._ZN5hwlib14i2c_primitives9write_ackEv
                0x00000000000017f6        0x8 DisplayTaak.o
                0x00000000000017f6                hwlib::i2c_primitives::write_ack()
 .text._ZN5hwlib14i2c_primitives10write_nackEv
                0x00000000000017fe        0x8 DisplayTaak.o
                0x00000000000017fe                hwlib::i2c_primitives::write_nack()
 .text._ZN5hwlib14i2c_primitives5writeEh
                0x0000000000001806       0x1c DisplayTaak.o
                0x0000000000001806                hwlib::i2c_primitives::write(unsigned char)
 .text._ZN5hwlib14i2c_primitives5writeEPKhj
                0x0000000000001822       0x24 DisplayTaak.o
                0x0000000000001822                hwlib::i2c_primitives::write(unsigned char const*, unsigned int)
 .text._ZN5hwlib14i2c_primitives9read_byteEv
                0x0000000000001846       0x20 DisplayTaak.o
                0x0000000000001846                hwlib::i2c_primitives::read_byte()
 .text._ZN5hwlib14i2c_primitives4readEbPhj
                0x0000000000001866       0x36 DisplayTaak.o
                0x0000000000001866                hwlib::i2c_primitives::read(bool, unsigned char*, unsigned int)
 .text._ZN5hwlib13terminal_from25cursor_set_implementationENS_2xyE
                0x000000000000189c       0x28 DisplayTaak.o
                0x000000000000189c                hwlib::terminal_from::cursor_set_implementation(hwlib::xy)
 .text._ZN5hwlib13terminal_from5clearEv
                0x00000000000018c4       0x30 DisplayTaak.o
                0x00000000000018c4                hwlib::terminal_from::clear()
 .text._ZN5hwlib13terminal_from5flushEv
                0x00000000000018f4        0x8 DisplayTaak.o
                0x00000000000018f4                hwlib::terminal_from::flush()
 .text._ZNK5hwlib16font_default_8x8ixEc
                0x00000000000018fc       0x14 DisplayTaak.o
                0x00000000000018fc                hwlib::font_default_8x8::operator[](char) const
 .text._ZN5hwlib29glcd_oled_i2c_128x64_buffered20write_implementationENS_2xyENS_5colorE
                0x0000000000001910       0x64 DisplayTaak.o
                0x0000000000001910                hwlib::glcd_oled_i2c_128x64_buffered::write_implementation(hwlib::xy, hwlib::color)
 .text._ZN5hwlib8terminal4putcEc
                0x0000000000001974       0xde DisplayTaak.o
                0x0000000000001974                hwlib::terminal::putc(char)
 .text._ZN5hwlib26i2c_bus_bit_banged_scl_sda16wait_half_periodEv.isra.9
                0x0000000000001a52        0x6 DisplayTaak.o
 .text._ZN5hwlib26i2c_bus_bit_banged_scl_sda10write_stopEv
                0x0000000000001a58       0x60 DisplayTaak.o
                0x0000000000001a58                hwlib::i2c_bus_bit_banged_scl_sda::write_stop()
 .text._ZN5hwlib26i2c_bus_bit_banged_scl_sda11write_startEv
                0x0000000000001ab8       0x34 DisplayTaak.o
                0x0000000000001ab8                hwlib::i2c_bus_bit_banged_scl_sda::write_start()
 .text._ZN5hwlib26i2c_bus_bit_banged_scl_sda8read_bitEv
                0x0000000000001aec       0x68 DisplayTaak.o
                0x0000000000001aec                hwlib::i2c_bus_bit_banged_scl_sda::read_bit()
 .text._ZN5hwlib26i2c_bus_bit_banged_scl_sda9write_bitEb
                0x0000000000001b54       0x52 DisplayTaak.o
                0x0000000000001b54                hwlib::i2c_bus_bit_banged_scl_sda::write_bit(bool)
 .text._ZN5hwlib6window20clear_implementationENS_5colorE
                0x0000000000001ba6       0x7c DisplayTaak.o
                0x0000000000001ba6                hwlib::window::clear_implementation(hwlib::color)
 .text._ZN5hwlib6window5clearENS_5colorE
                0x0000000000001c22       0x56 DisplayTaak.o
                0x0000000000001c22                hwlib::window::clear(hwlib::color)
 .text._ZN5hwlib21i2c_write_transactionC2ERNS_14i2c_primitivesEj
                0x0000000000001c78       0x24 DisplayTaak.o
                0x0000000000001c78                hwlib::i2c_write_transaction::i2c_write_transaction(hwlib::i2c_primitives&, unsigned int)
                0x0000000000001c78                hwlib::i2c_write_transaction::i2c_write_transaction(hwlib::i2c_primitives&, unsigned int)
 .text._ZN5hwlib21i2c_write_transaction5writeEPKhj
                0x0000000000001c9c        0x8 DisplayTaak.o
                0x0000000000001c9c                hwlib::i2c_write_transaction::write(unsigned char const*, unsigned int)
 .text._ZN5hwlib21i2c_write_transactionD2Ev
                0x0000000000001ca4       0x18 DisplayTaak.o
                0x0000000000001ca4                hwlib::i2c_write_transaction::~i2c_write_transaction()
                0x0000000000001ca4                hwlib::i2c_write_transaction::~i2c_write_transaction()
 .text._ZN5hwlib6window5writeENS_2xyENS_5colorE
                0x0000000000001cbc       0x5c DisplayTaak.o
                0x0000000000001cbc                hwlib::window::write(hwlib::xy, hwlib::color)
 .text._ZN5hwlib4line4drawERNS_6windowE
                0x0000000000001d18       0xa2 DisplayTaak.o
                0x0000000000001d18                hwlib::line::draw(hwlib::window&)
 .text._ZN5hwlib6window5writeENS_2xyERKNS_5imageE
                0x0000000000001dba       0x98 DisplayTaak.o
                0x0000000000001dba                hwlib::window::write(hwlib::xy, hwlib::image const&)
 .text._ZN5hwlib13terminal_from19putc_implementationEc
                0x0000000000001e52       0x2e DisplayTaak.o
                0x0000000000001e52                hwlib::terminal_from::putc_implementation(char)
 .text._ZN5hwlib9rectangle4drawERNS_6windowE
                0x0000000000001e80       0xe8 DisplayTaak.o
                0x0000000000001e80                hwlib::rectangle::draw(hwlib::window&)
 .text._ZN5hwlib13terminal_fromC2ERNS_6windowERKNS_4fontE
                0x0000000000001f68       0x58 DisplayTaak.o
                0x0000000000001f68                hwlib::terminal_from::terminal_from(hwlib::window&, hwlib::font const&)
                0x0000000000001f68                hwlib::terminal_from::terminal_from(hwlib::window&, hwlib::font const&)
 .text._ZN5hwlib11ssd1306_i2c7commandENS_16ssd1306_commandsEhh
                0x0000000000001fc0       0x3c DisplayTaak.o
                0x0000000000001fc0                hwlib::ssd1306_i2c::command(hwlib::ssd1306_commands, unsigned char, unsigned char)
 .text._ZN5hwlib29glcd_oled_i2c_128x64_buffered5flushEv
                0x0000000000001ffc       0x58 DisplayTaak.o
                0x0000000000001ffc                hwlib::glcd_oled_i2c_128x64_buffered::flush()
 .text.startup._ZN11DisplayTaak4mainEv
                0x0000000000002054      0x488 DisplayTaak.o
                0x0000000000002054                DisplayTaak::main()
 .text._ZN4rtos7channelI11TypeMessageLi10EE5writeES1_
                0x00000000000024dc       0x5a DisplayTaak.o
                0x00000000000024dc                rtos::channel<TypeMessage, 10>::write(TypeMessage)
 .text._ZN11DisplayTaak11showMessageEPKcc
                0x0000000000002536       0x1e DisplayTaak.o
                0x0000000000002536                DisplayTaak::showMessage(char const*, char)
 .text._ZN11DisplayTaak11showMessageEic
                0x0000000000002554       0x1e DisplayTaak.o
                0x0000000000002554                DisplayTaak::showMessage(int, char)
 .text._ZN11msg_decoder14pause_detectedEi
                0x0000000000002572       0x40 msg_decoder.o
                0x0000000000002572                msg_decoder::pause_detected(int)
 .text._ZN5hwlib7ostream7reverse10add_prefixERKS0_.part.2
                0x00000000000025b2       0x4c msg_decoder.o
 .text._ZN5hwliblsERNS_7ostreamEx
                0x00000000000025fe       0xc4 msg_decoder.o
                0x00000000000025fe                hwlib::operator<<(hwlib::ostream&, long long)
 *fill*         0x00000000000026c2        0x2 
 .text.startup._ZN11msg_decoder4mainEv
                0x00000000000026c4      0x1dc msg_decoder.o
                0x00000000000026c4                msg_decoder::main()
 .text._ZThn8_N11msg_decoder4mainEv
                0x00000000000028a0        0x8 msg_decoder.o
                0x00000000000028a0                non-virtual thunk to msg_decoder::main()
 .text          0x00000000000028a8       0x24 switch_to.o
                0x00000000000028a8                switch_from_to
 .text._ZN4rtos8callback6cancelEv
                0x00000000000028cc        0xa rtos.o
                0x00000000000028cc                rtos::callback::cancel()
 .text._ZN5hwliblsERNS_7ostreamEj
                0x00000000000028d6        0xc rtos.o
                0x00000000000028d6                hwlib::operator<<(hwlib::ostream&, unsigned int)
 .text._Z6strlenPKc
                0x00000000000028e2       0x10 rtos.o
                0x00000000000028e2                strlen(char const*)
 .text._Z6strcpyPcPKc
                0x00000000000028f2       0x14 rtos.o
                0x00000000000028f2                strcpy(char*, char const*)
 .text._Z15string_allocatePKc
                0x0000000000002906       0x26 rtos.o
                0x0000000000002906                string_allocate(char const*)
 .text._Z12nr_from_maskj
                0x000000000000292c       0x1a rtos.o
                0x000000000000292c                nr_from_mask(unsigned int)
 *fill*         0x0000000000002946        0x2 
 .text._Z15task_trampolinev
                0x0000000000002948       0x34 rtos.o
                0x0000000000002948                task_trampoline()
 .text._ZN4rtos9task_base7releaseEv
                0x000000000000297c       0x24 rtos.o
                0x000000000000297c                rtos::task_base::release()
 .text._ZN4rtos9task_base7suspendEv
                0x00000000000029a0        0x8 rtos.o
                0x00000000000029a0                rtos::task_base::suspend()
 .text._ZN4rtos9task_base6resumeEv
                0x00000000000029a8        0x8 rtos.o
                0x00000000000029a8                rtos::task_base::resume()
 .text._ZN4rtos9task_base7unblockEv
                0x00000000000029b0       0x14 rtos.o
                0x00000000000029b0                rtos::task_base::unblock()
 .text._ZN4rtos9task_base5blockEv
                0x00000000000029c4       0x70 rtos.o
                0x00000000000029c4                rtos::task_base::block()
 .text._ZNK4rtos9task_base5printERN5hwlib7ostreamEb
                0x0000000000002a34      0x154 rtos.o
                0x0000000000002a34                rtos::task_base::print(hwlib::ostream&, bool) const
 .text._ZNK4rtos5eventeqERKS0_
                0x0000000000002b88       0x3c rtos.o
                0x0000000000002b88                rtos::event::operator==(rtos::event const&) const
 .text._ZNK4rtos5eventeqERKNS_8waitableE
                0x0000000000002bc4       0x1c rtos.o
                0x0000000000002bc4                rtos::event::operator==(rtos::waitable const&) const
 .text._ZNK4rtos5eventplERKS0_
                0x0000000000002be0       0x3c rtos.o
                0x0000000000002be0                rtos::event::operator+(rtos::event const&) const
 .text._ZNK4rtos4flag5printERN5hwlib7ostreamEb
                0x0000000000002c1c       0xcc rtos.o
                0x0000000000002c1c                rtos::flag::print(hwlib::ostream&, bool) const
 .text._ZN4rtos5timer3setEm
                0x0000000000002ce8        0xe rtos.o
                0x0000000000002ce8                rtos::timer::set(unsigned long)
 *fill*         0x0000000000002cf6        0x2 
 .text._ZNK4rtos5timer5printERN5hwlib7ostreamEb
                0x0000000000002cf8       0xd0 rtos.o
                0x0000000000002cf8                rtos::timer::print(hwlib::ostream&, bool) const
 .text._ZNK4rtos5clock5printERN5hwlib7ostreamEb
                0x0000000000002dc8       0xd4 rtos.o
                0x0000000000002dc8                rtos::clock::print(hwlib::ostream&, bool) const
 .text._ZN4rtos12waitable_set17waitable_allocateEv
                0x0000000000002e9c       0x38 rtos.o
                0x0000000000002e9c                rtos::waitable_set::waitable_allocate()
 .text._ZN4rtos8waitableC2EPNS_9task_baseEPKc
                0x0000000000002ed4       0x2c rtos.o
                0x0000000000002ed4                rtos::waitable::waitable(rtos::task_base*, char const*)
                0x0000000000002ed4                rtos::waitable::waitable(rtos::task_base*, char const*)
 .text._ZN4rtos12waitable_set3setERKNS_8waitableE
                0x0000000000002f00       0x14 rtos.o
                0x0000000000002f00                rtos::waitable_set::set(rtos::waitable const&)
 .text._ZN4rtos5clock7time_upEv
                0x0000000000002f14       0x38 rtos.o
                0x0000000000002f14                rtos::clock::time_up()
 .text._ZThn16_N4rtos5clock7time_upEv
                0x0000000000002f4c        0x8 rtos.o
                0x0000000000002f4c                non-virtual thunk to rtos::clock::time_up()
 .text._ZN4rtos5timer7time_upEv
                0x0000000000002f54       0x10 rtos.o
                0x0000000000002f54                rtos::timer::time_up()
                0x0000000000002f5e                non-virtual thunk to rtos::timer::time_up()
 .text._ZN4rtos4flag3setEv
                0x0000000000002f64       0x10 rtos.o
                0x0000000000002f64                rtos::flag::set()
 .text._ZN4rtos12waitable_set5clearERKNS_8waitableE
                0x0000000000002f74        0xc rtos.o
                0x0000000000002f74                rtos::waitable_set::clear(rtos::waitable const&)
 .text._ZN4rtos8waitable5clearEv
                0x0000000000002f80        0xa rtos.o
                0x0000000000002f80                rtos::waitable::clear()
 .text._ZN4rtos5timer6cancelEv
                0x0000000000002f8a       0x16 rtos.o
                0x0000000000002f8a                rtos::timer::cancel()
 .text._ZThn16_N4rtos5timer6cancelEv
                0x0000000000002fa0        0x8 rtos.o
                0x0000000000002fa0                non-virtual thunk to rtos::timer::cancel()
 .text._ZN4rtos5clock5clearEv
                0x0000000000002fa8        0x8 rtos.o
                0x0000000000002fa8                rtos::clock::clear()
 .text._ZN4rtos12waitable_set4waitEj
                0x0000000000002fb0       0x64 rtos.o
                0x0000000000002fb0                rtos::waitable_set::wait(unsigned int)
 .text._ZNK4rtos5mutex5printERN5hwlib7ostreamEb
                0x0000000000003014       0xec rtos.o
                0x0000000000003014                rtos::mutex::print(hwlib::ostream&, bool) const
 .text._ZNK4rtos12channel_base5printERN5hwlib7ostreamEb
                0x0000000000003100       0xe0 rtos.o
                0x0000000000003100                rtos::channel_base::print(hwlib::ostream&, bool) const
 .text._ZNK4rtos9pool_base5printERN5hwlib7ostreamEb
                0x00000000000031e0       0x78 rtos.o
                0x00000000000031e0                rtos::pool_base::print(hwlib::ostream&, bool) const
 .text._ZNK4rtos12mailbox_base5printERN5hwlib7ostreamEb
                0x0000000000003258       0xc4 rtos.o
                0x0000000000003258                rtos::mailbox_base::print(hwlib::ostream&, bool) const
 .text._ZN4rtos3addEPNS_4flagE
                0x000000000000331c       0x10 rtos.o
                0x000000000000331c                rtos::add(rtos::flag*)
 .text._ZN4rtos4flagC2EPNS_9task_baseEPKc
                0x000000000000332c       0x20 rtos.o
                0x000000000000332c                rtos::flag::flag(rtos::task_base*, char const*)
                0x000000000000332c                rtos::flag::flag(rtos::task_base*, char const*)
 .text._ZN4rtos3addEPNS_5timerE
                0x000000000000334c       0x10 rtos.o
                0x000000000000334c                rtos::add(rtos::timer*)
 .text._ZN4rtos3addEPNS_5clockE
                0x000000000000335c       0x10 rtos.o
                0x000000000000335c                rtos::add(rtos::clock*)
 .text._ZN4rtos3addEPNS_12channel_baseE
                0x000000000000336c       0x10 rtos.o
                0x000000000000336c                rtos::add(rtos::channel_base*)
 .text._ZN4rtos12channel_baseC2EPNS_9task_baseEPKc
                0x000000000000337c       0x30 rtos.o
                0x000000000000337c                rtos::channel_base::channel_base(rtos::task_base*, char const*)
                0x000000000000337c                rtos::channel_base::channel_base(rtos::task_base*, char const*)
 .text._ZN4rtos3addEPNS_9pool_baseE
                0x00000000000033ac       0x10 rtos.o
                0x00000000000033ac                rtos::add(rtos::pool_base*)
 .text._ZN4rtos9pool_baseC2EPKc
                0x00000000000033bc       0x1a rtos.o
                0x00000000000033bc                rtos::pool_base::pool_base(char const*)
                0x00000000000033bc                rtos::pool_base::pool_base(char const*)
 *fill*         0x00000000000033d6        0x2 
 .text._ZN4rtos5printERN5hwlib7ostreamE
                0x00000000000033d8      0x1b4 rtos.o
                0x00000000000033d8                rtos::print(hwlib::ostream&)
 .text._ZN4rtos4beatEv
                0x000000000000358c      0x148 rtos.o
                0x000000000000358c                rtos::beat()
 .text._ZN4rtos3runEv
                0x00000000000036d4       0x20 rtos.o
                0x00000000000036d4                rtos::run()
 .text._ZN4rtos3addEPNS_8callbackE
                0x00000000000036f4       0x10 rtos.o
                0x00000000000036f4                rtos::add(rtos::callback*)
 .text._ZN4rtos8callbackC2EPKc
                0x0000000000003704       0x28 rtos.o
                0x0000000000003704                rtos::callback::callback(char const*)
                0x0000000000003704                rtos::callback::callback(char const*)
 .text._ZN4rtos5timerC2EPNS_9task_baseEPKc
                0x000000000000372c       0x34 rtos.o
                0x000000000000372c                rtos::timer::timer(rtos::task_base*, char const*)
                0x000000000000372c                rtos::timer::timer(rtos::task_base*, char const*)
 .text._ZN4rtos5clockC2EPNS_9task_baseEmPKc
                0x0000000000003760       0x3c rtos.o
                0x0000000000003760                rtos::clock::clock(rtos::task_base*, unsigned long, char const*)
                0x0000000000003760                rtos::clock::clock(rtos::task_base*, unsigned long, char const*)
 .text._ZN4rtos3addEPNS_9task_baseE
                0x000000000000379c       0x74 rtos.o
                0x000000000000379c                rtos::add(rtos::task_base*)
 .text._ZN4rtos9task_baseC2ER9coroutineILl0EEjPKc
                0x0000000000003810       0x4c rtos.o
                0x0000000000003810                rtos::task_base::task_base(coroutine<0l>&, unsigned int, char const*)
                0x0000000000003810                rtos::task_base::task_base(coroutine<0l>&, unsigned int, char const*)
 .text._ZN5hwlib7wait_usEi
                0x000000000000385c       0x3c rtos.o
                0x000000000000385c                hwlib::wait_us(int)
 .text._ZN5hwlib7wait_msEi
                0x0000000000003898       0x16 rtos.o
                0x0000000000003898                hwlib::wait_ms(int)
 .text._ZN5hwlib14pin_in_dummy_t4readEv
                0x00000000000038ae        0x4 hwlib.o
                0x00000000000038ae                hwlib::pin_in_dummy_t::read()
 .text._ZN5hwlib14pin_in_dummy_t7refreshEv
                0x00000000000038b2        0x2 hwlib.o
                0x00000000000038b2                hwlib::pin_in_dummy_t::refresh()
 .text._ZN5hwlib14pin_oc_dummy_t5writeEb
                0x00000000000038b4        0x2 hwlib.o
                0x00000000000038b4                hwlib::pin_oc_dummy_t::write(bool)
 .text._ZN5hwlib14pin_oc_dummy_t4readEv
                0x00000000000038b6        0x4 hwlib.o
                0x00000000000038b6                hwlib::pin_oc_dummy_t::read()
 .text._ZN5hwlib14pin_oc_dummy_t5flushEv
                0x00000000000038ba        0x2 hwlib.o
                0x00000000000038ba                hwlib::pin_oc_dummy_t::flush()
 .text._ZN5hwlib14pin_oc_dummy_t7refreshEv
                0x00000000000038bc        0x2 hwlib.o
                0x00000000000038bc                hwlib::pin_oc_dummy_t::refresh()
 .text._ZN5hwlib19port_in_from_pins_t14number_of_pinsEv
                0x00000000000038be        0x4 hwlib.o
                0x00000000000038be                hwlib::port_in_from_pins_t::number_of_pins()
 .text._ZN5hwlib19port_in_from_pins_t4readEv
                0x00000000000038c2       0x2a hwlib.o
                0x00000000000038c2                hwlib::port_in_from_pins_t::read()
 .text._ZN5hwlib19port_in_from_pins_t7refreshEv
                0x00000000000038ec       0x20 hwlib.o
                0x00000000000038ec                hwlib::port_in_from_pins_t::refresh()
 .text._ZN5hwlib19port_oc_from_pins_t14number_of_pinsEv
                0x000000000000390c        0x4 hwlib.o
                0x000000000000390c                hwlib::port_oc_from_pins_t::number_of_pins()
 .text._ZN5hwlib19port_oc_from_pins_t4readEv
                0x0000000000003910       0x2a hwlib.o
                0x0000000000003910                hwlib::port_oc_from_pins_t::read()
 .text._ZN5hwlib19port_oc_from_pins_t5writeEj
                0x000000000000393a       0x28 hwlib.o
                0x000000000000393a                hwlib::port_oc_from_pins_t::write(unsigned int)
 .text._ZN5hwlib19port_oc_from_pins_t7refreshEv
                0x0000000000003962       0x20 hwlib.o
                0x0000000000003962                hwlib::port_oc_from_pins_t::refresh()
 .text._ZN5hwlib19port_oc_from_pins_t5flushEv
                0x0000000000003982       0x20 hwlib.o
                0x0000000000003982                hwlib::port_oc_from_pins_t::flush()
 .text._ZN5hwlib20cout_using_uart_putc5flushEv
                0x00000000000039a2        0x2 hwlib.o
                0x00000000000039a2                hwlib::cout_using_uart_putc::flush()
 .text._ZNK5hwlib9image_8x819read_implementationENS_2xyE
                0x00000000000039a4       0x44 hwlib.o
                0x00000000000039a4                hwlib::image_8x8::read_implementation(hwlib::xy) const
 .text._ZN5hwlib13window_part_t5flushEv
                0x00000000000039e8        0x8 hwlib.o
                0x00000000000039e8                hwlib::window_part_t::flush()
 .text._ZN5hwlib5panicEPKcj
                0x00000000000039f0        0x2 hwlib.o
                0x00000000000039f0                hwlib::panic(char const*, unsigned int)
 *fill*         0x00000000000039f2        0x2 
 .text._ZN5hwlib10background18do_background_workEv
                0x00000000000039f4       0x3c hwlib.o
                0x00000000000039f4                hwlib::background::do_background_work()
 .text._ZN5hwlib3allENS_2xyE
                0x0000000000003a30       0x16 hwlib.o
                0x0000000000003a30                hwlib::all(hwlib::xy)
 .text._ZNK5hwlib5colorngEv
                0x0000000000003a46       0x2e hwlib.o
                0x0000000000003a46                hwlib::color::operator-() const
 .text._ZN5hwlib12port_in_fromERNS_6pin_inES1_S1_S1_S1_S1_S1_S1_S1_S1_S1_S1_S1_S1_S1_S1_
                0x0000000000003a74       0x68 hwlib.o
                0x0000000000003a74                hwlib::port_in_from(hwlib::pin_in&, hwlib::pin_in&, hwlib::pin_in&, hwlib::pin_in&, hwlib::pin_in&, hwlib::pin_in&, hwlib::pin_in&, hwlib::pin_in&, hwlib::pin_in&, hwlib::pin_in&, hwlib::pin_in&, hwlib::pin_in&, hwlib::pin_in&, hwlib::pin_in&, hwlib::pin_in&, hwlib::pin_in&)
 .text._ZN5hwlib12port_oc_fromERNS_6pin_ocES1_S1_S1_S1_S1_S1_S1_S1_S1_S1_S1_S1_S1_S1_S1_
                0x0000000000003adc       0x68 hwlib.o
                0x0000000000003adc                hwlib::port_oc_from(hwlib::pin_oc&, hwlib::pin_oc&, hwlib::pin_oc&, hwlib::pin_oc&, hwlib::pin_oc&, hwlib::pin_oc&, hwlib::pin_oc&, hwlib::pin_oc&, hwlib::pin_oc&, hwlib::pin_oc&, hwlib::pin_oc&, hwlib::pin_oc&, hwlib::pin_oc&, hwlib::pin_oc&, hwlib::pin_oc&, hwlib::pin_oc&)
 .text._ZNK5hwlib5image4readENS_2xyE
                0x0000000000003b44       0x3a hwlib.o
                0x0000000000003b44                hwlib::image::read(hwlib::xy) const
 .text._ZNK5hwlib14image_invert_t19read_implementationENS_2xyE
                0x0000000000003b7e       0x64 hwlib.o
                0x0000000000003b7e                hwlib::image_invert_t::read_implementation(hwlib::xy) const
 *fill*         0x0000000000003be2        0x2 
 .text._ZN5hwlib6invertERKNS_5imageE
                0x0000000000003be4       0x18 hwlib.o
                0x0000000000003be4                hwlib::invert(hwlib::image const&)
 .text._ZN5hwlib13window_part_t20write_implementationENS_2xyENS_5colorE
                0x0000000000003bfc       0x2e hwlib.o
                0x0000000000003bfc                hwlib::window_part_t::write_implementation(hwlib::xy, hwlib::color)
 *fill*         0x0000000000003c2a        0x2 
 .text._ZN5hwlib4partERNS_6windowENS_2xyES2_
                0x0000000000003c2c       0x5c hwlib.o
                0x0000000000003c2c                hwlib::part(hwlib::window&, hwlib::xy, hwlib::xy)
 .text._ZN3due9uart_initEv
                0x0000000000003c88       0x60 hwlib.o
                0x0000000000003c88                due::uart_init()
 .text._ZN3due9uart_putcEc
                0x0000000000003ce8       0x20 hwlib.o
                0x0000000000003ce8                due::uart_putc(char)
 .text._ZN5hwlib20cout_using_uart_putc4putcEc
                0x0000000000003d08        0xa hwlib.o
                0x0000000000003d08                hwlib::cout_using_uart_putc::putc(char)
 .text._ZN5hwlib6now_usEv
                0x0000000000003d12       0x1c hwlib.o
                0x0000000000003d12                hwlib::now_us()
 .text._ZN5hwlib12wait_us_busyEi
                0x0000000000003d2e       0x1c hwlib.o
                0x0000000000003d2e                hwlib::wait_us_busy(int)
 .text._ZN3due7pin_out5writeEb
                0x0000000000003d4a        0xe main.o
                0x0000000000003d4a                due::pin_out::write(bool)
 .text._ZN3due7pin_out5flushEv
                0x0000000000003d58        0x2 main.o
                0x0000000000003d58                due::pin_out::flush()
 *fill*         0x0000000000003d5a        0x2 
 .text._ZN3due8d2_36kHz5writeEb
                0x0000000000003d5c       0x18 main.o
                0x0000000000003d5c                due::d2_36kHz::write(bool)
 .text._ZN3due8d2_36kHz5flushEv
                0x0000000000003d74        0x2 main.o
                0x0000000000003d74                due::d2_36kHz::flush()
 .text._ZN4rtos7channelI11TypeMessageLi10EE5clearEv
                0x0000000000003d76       0x10 main.o
                0x0000000000003d76                rtos::channel<TypeMessage, 10>::clear()
 .text._ZN4rtos7channelIcLi18EE5clearEv
                0x0000000000003d86       0x10 main.o
                0x0000000000003d86                rtos::channel<char, 18>::clear()
 .text._ZN4rtos7channelI8buttonidLi10EE5clearEv
                0x0000000000003d96       0x10 main.o
                0x0000000000003d96                rtos::channel<buttonid, 10>::clear()
 .text._ZN4rtos7channelIiLi128EE5clearEv
                0x0000000000003da6       0x10 main.o
                0x0000000000003da6                rtos::channel<int, 128>::clear()
 *fill*         0x0000000000003db6        0x2 
 .text._ZN3due7pin_outC2ENS_4pinsE
                0x0000000000003db8       0x34 main.o
                0x0000000000003db8                due::pin_out::pin_out(due::pins)
                0x0000000000003db8                due::pin_out::pin_out(due::pins)
 .text._ZN4rtos8callbackD2Ev
                0x0000000000003dec       0x30 main.o
                0x0000000000003dec                rtos::callback::~callback()
                0x0000000000003dec                rtos::callback::~callback()
 .text._ZN10PlayerInfoC2Ev
                0x0000000000003e1c       0x68 main.o
                0x0000000000003e1c                PlayerInfo::PlayerInfo()
                0x0000000000003e1c                PlayerInfo::PlayerInfo()
 .text._ZN4rtos4taskILi4096EEC2EjPKc
                0x0000000000003e84       0x54 main.o
                0x0000000000003e84                rtos::task<4096>::task(unsigned int, char const*)
                0x0000000000003e84                rtos::task<4096>::task(unsigned int, char const*)
 .text.startup.main
                0x0000000000003ed8      0x418 main.o
                0x0000000000003ed8                main
 .text.__startup
                0x00000000000042f0       0x48 bmptk_cortex.o
                0x00000000000042f0                __startup
 .text.__cxa_pure_virtual
                0x0000000000004338        0x2 bmptk_cortex.o
                0x0000000000004338                __cxa_pure_virtual
 *fill*         0x000000000000433a        0x2 
 .text.malloc   0x000000000000433c       0x24 bmptk_heap_bmptk.o
                0x000000000000433c                malloc
 .text          0x0000000000004360       0xa0 /usr/bin/../lib/gcc/arm-none-eabi/7.3.1/thumb/v7-m/libgcc.a(_aeabi_ldivmod.o)
                0x0000000000004360                __aeabi_ldivmod
 .text          0x0000000000004400       0x30 /usr/bin/../lib/gcc/arm-none-eabi/7.3.1/thumb/v7-m/libgcc.a(_aeabi_uldivmod.o)
                0x0000000000004400                __aeabi_uldivmod
 .text          0x0000000000004430      0x2d0 /usr/bin/../lib/gcc/arm-none-eabi/7.3.1/thumb/v7-m/libgcc.a(_udivmoddi4.o)
                0x0000000000004430                __udivmoddi4
 .text          0x0000000000004700        0x4 /usr/bin/../lib/gcc/arm-none-eabi/7.3.1/thumb/v7-m/libgcc.a(_dvmd_tls.o)
                0x0000000000004700                __aeabi_ldiv0
 .text          0x0000000000004704       0xec /usr/bin/../lib/gcc/arm-none-eabi/7.3.1/../../../../arm-none-eabi/lib/thumb/v7-m/libc.a(lib_a-memcpy.o)
                0x0000000000004704                memcpy
 .text.memset   0x00000000000047f0       0x94 /usr/bin/../lib/gcc/arm-none-eabi/7.3.1/../../../../arm-none-eabi/lib/thumb/v7-m/libc.a(lib_a-memset.o)
                0x00000000000047f0                memset
                0x0000000000004884                . = ALIGN (0x4)
 *(.glue_7t .glue_7)
 .glue_7        0x0000000000004884        0x0 linker stubs
 .glue_7t       0x0000000000004884        0x0 linker stubs
                0x0000000000004884                . = ALIGN (0x4)
 *(.rodata .rodata.* .gnu.linkonce.r.*)
 .rodata._ZTVN3due6pin_inE
                0x0000000000004884       0x10 ButtonTaak.o
                0x0000000000004884                vtable for due::pin_in
 .rodata._ZN3due8pin_infoENS_4pinsE.str1.1
                0x0000000000004894       0x33 ButtonTaak.o
 *fill*         0x00000000000048c7        0x1 
 .rodata._ZTV10ButtonTaak
                0x00000000000048c8       0x14 ButtonTaak.o
                0x00000000000048c8                vtable for ButtonTaak
 .rodata._ZZN3due8pin_infoENS_4pinsEE14pin_info_array
                0x00000000000048dc       0xa4 ButtonTaak.o
 .rodata._ZN16InputControlTaak4mainEv.str1.1
                0x0000000000004980       0x32 InputControlTaak.o
                                         0x34 (size before relaxing)
 *fill*         0x00000000000049b2        0x2 
 .rodata._ZTV16InputControlTaak
                0x00000000000049b4       0x24 InputControlTaak.o
                0x00000000000049b4                vtable for InputControlTaak
 .rodata._ZTVN5hwlib21port_direct_from_in_tE
                0x00000000000049d8       0x14 KeypadTaak.o
                0x00000000000049d8                vtable for hwlib::port_direct_from_in_t
 .rodata._ZTVN5hwlib21port_direct_from_oc_tE
                0x00000000000049ec       0x1c KeypadTaak.o
                0x00000000000049ec                vtable for hwlib::port_direct_from_oc_t
 .rodata._ZTVN3due6pin_ocE
                0x0000000000004a08       0x18 KeypadTaak.o
                0x0000000000004a08                vtable for due::pin_oc
 .rodata._ZTVN5hwlib6keypadILi16EEE
                0x0000000000004a20       0x14 KeypadTaak.o
                0x0000000000004a20                vtable for hwlib::keypad<16>
 .rodata._ZN10KeypadTaak4mainEv.str1.1
                0x0000000000004a34       0x12 KeypadTaak.o
 *fill*         0x0000000000004a46        0x2 
 .rodata._ZTV10KeypadTaak
                0x0000000000004a48       0x14 KeypadTaak.o
                0x0000000000004a48                vtable for KeypadTaak
 .rodata._ZN11RunGameTaak4mainEv.str1.1
                0x0000000000004a5c       0xff runGameTaak.o
 .rodata._ZN4rtos7channelI8buttonidLi10EE4readEv.str1.1
                0x0000000000004b5b       0x34 runGameTaak.o
 *fill*         0x0000000000004b5b        0x1 
 .rodata._ZTV11RunGameTaak
                0x0000000000004b5c       0x34 runGameTaak.o
                0x0000000000004b5c                vtable for RunGameTaak
 .rodata._ZTV8SendTask
                0x0000000000004b90       0x14 SendTask.o
                0x0000000000004b90                vtable for SendTask
 .rodata._ZN23TransferHitsControlTaak4mainEv.str1.1
                0x0000000000004ba4       0x3b TransferHitsControlTaak.o
                                         0x3d (size before relaxing)
 *fill*         0x0000000000004bdf        0x1 
 .rodata._ZTV23TransferHitsControlTaak
                0x0000000000004be0       0x14 TransferHitsControlTaak.o
                0x0000000000004be0                vtable for TransferHitsControlTaak
 .rodata._ZTV14pause_detector
                0x0000000000004bf4       0x14 pause_detector.o
                0x0000000000004bf4                vtable for pause_detector
 .rodata._ZTVN5hwlib26i2c_bus_bit_banged_scl_sdaE
                0x0000000000004c08       0x34 DisplayTaak.o
                0x0000000000004c08                vtable for hwlib::i2c_bus_bit_banged_scl_sda
 .rodata._ZTVN5hwlib4lineE
                0x0000000000004c3c        0xc DisplayTaak.o
                0x0000000000004c3c                vtable for hwlib::line
 .rodata._ZTVN5hwlib13terminal_fromE
                0x0000000000004c48       0x20 DisplayTaak.o
                0x0000000000004c48                vtable for hwlib::terminal_from
 .rodata._ZTVN5hwlib16font_default_8x8E
                0x0000000000004c68        0xc DisplayTaak.o
                0x0000000000004c68                vtable for hwlib::font_default_8x8
 .rodata._ZTVN5hwlib29glcd_oled_i2c_128x64_bufferedE
                0x0000000000004c74       0x18 DisplayTaak.o
                0x0000000000004c74                vtable for hwlib::glcd_oled_i2c_128x64_buffered
 .rodata._ZN11DisplayTaak4mainEv.str1.1
                0x0000000000004c8c        0xd DisplayTaak.o
                                         0x41 (size before relaxing)
 .rodata._ZN5hwlibL11unspecifiedE
                0x0000000000004c99        0x4 DisplayTaak.o
 .rodata._ZN5hwlibL22ssd1306_initializationE
                0x0000000000004c9d       0x29 DisplayTaak.o
 *fill*         0x0000000000004cc6        0x2 
 .rodata._ZTV11DisplayTaak
                0x0000000000004cc8       0x14 DisplayTaak.o
                0x0000000000004cc8                vtable for DisplayTaak
 .rodata._ZN11msg_decoder4mainEv.str1.1
                0x0000000000004cdc       0x35 msg_decoder.o
                                         0x6b (size before relaxing)
 *fill*         0x0000000000004d11        0x3 
 .rodata._ZTV11msg_decoder
                0x0000000000004d14       0x24 msg_decoder.o
                0x0000000000004d14                vtable for msg_decoder
 .rodata._ZTVN4rtos8waitableE
                0x0000000000004d38        0xc rtos.o
                0x0000000000004d38                vtable for rtos::waitable
 .rodata._ZTVN4rtos4flagE
                0x0000000000004d44        0xc rtos.o
                0x0000000000004d44                vtable for rtos::flag
 .rodata._ZTVN4rtos8callbackE
                0x0000000000004d50       0x10 rtos.o
                0x0000000000004d50                vtable for rtos::callback
 .rodata._ZTVN4rtos12channel_baseE
                0x0000000000004d60        0xc rtos.o
                0x0000000000004d60                vtable for rtos::channel_base
 .rodata._Z15task_trampolinev.str1.1
                0x0000000000004d6c       0x2e rtos.o
 .rodata._ZN4rtos12waitable_set17waitable_allocateEv.str1.1
                0x0000000000004d9a       0x1b rtos.o
 .rodata._ZN4rtos3addEPNS_9task_baseE.str1.1
                0x0000000000004db5       0x2e rtos.o
 .rodata._ZN4rtos4beatEv.str1.1
                0x0000000000004de3       0x3e rtos.o
 .rodata._ZN4rtos5printERN5hwlib7ostreamE.str1.1
                0x0000000000004e21       0x83 rtos.o
 .rodata._ZN4rtos9task_base5blockEv.str1.1
                0x0000000000004ea4       0x37 rtos.o
                                         0x4b (size before relaxing)
 .rodata._ZN4rtos9task_baseC2ER9coroutineILl0EEjPKc.str1.1
                0x0000000000004edb        0x8 rtos.o
 .rodata._ZNK4rtos12channel_base5printERN5hwlib7ostreamEb.str1.1
                0x0000000000004ee3       0x23 rtos.o
 .rodata._ZNK4rtos12mailbox_base5printERN5hwlib7ostreamEb.str1.1
                0x0000000000004f06       0x1b rtos.o
 .rodata._ZNK4rtos4flag5printERN5hwlib7ostreamEb.str1.1
                0x0000000000004f21       0x1e rtos.o
 .rodata._ZNK4rtos5clock5printERN5hwlib7ostreamEb.str1.1
                0x0000000000004f3f       0x1d rtos.o
 .rodata._ZNK4rtos5eventeqERKS0_.str1.1
                0x0000000000004f5c       0x21 rtos.o
 .rodata._ZNK4rtos5eventplERKS0_.str1.1
                0x0000000000004f7d       0x1e rtos.o
 .rodata._ZNK4rtos5mutex5printERN5hwlib7ostreamEb.str1.1
                0x0000000000004f9b       0x29 rtos.o
 .rodata._ZNK4rtos5timer5printERN5hwlib7ostreamEb.str1.1
                0x0000000000004fc4       0x13 rtos.o
 .rodata._ZNK4rtos9pool_base5printERN5hwlib7ostreamEb.str1.1
                0x0000000000004fd7       0x10 rtos.o
 .rodata._ZNK4rtos9task_base5printERN5hwlib7ostreamEb.str1.1
                0x0000000000004fe7       0x39 rtos.o
 .rodata._ZTVN4rtos5clockE
                0x0000000000005020       0x20 rtos.o
                0x0000000000005020                vtable for rtos::clock
 .rodata._ZTVN4rtos5timerE
                0x0000000000005040       0x24 rtos.o
                0x0000000000005040                vtable for rtos::timer
 .rodata._ZTVN4rtos9task_baseE
                0x0000000000005064       0x14 rtos.o
                0x0000000000005064                vtable for rtos::task_base
 .rodata._ZTVN5hwlib14pin_in_dummy_tE
                0x0000000000005078       0x10 hwlib.o
                0x0000000000005078                vtable for hwlib::pin_in_dummy_t
 .rodata._ZTVN5hwlib14pin_oc_dummy_tE
                0x0000000000005088       0x18 hwlib.o
                0x0000000000005088                vtable for hwlib::pin_oc_dummy_t
 .rodata._ZTVN5hwlib19port_in_from_pins_tE
                0x00000000000050a0       0x14 hwlib.o
                0x00000000000050a0                vtable for hwlib::port_in_from_pins_t
 .rodata._ZTVN5hwlib19port_oc_from_pins_tE
                0x00000000000050b4       0x1c hwlib.o
                0x00000000000050b4                vtable for hwlib::port_oc_from_pins_t
 .rodata._ZTVN5hwlib20cout_using_uart_putcE
                0x00000000000050d0       0x10 hwlib.o
                0x00000000000050d0                vtable for hwlib::cout_using_uart_putc
 .rodata._ZTVN5hwlib9image_8x8E
                0x00000000000050e0        0xc hwlib.o
                0x00000000000050e0                vtable for hwlib::image_8x8
 .rodata._ZTVN5hwlib14image_invert_tE
                0x00000000000050ec        0xc hwlib.o
                0x00000000000050ec                vtable for hwlib::image_invert_t
 .rodata._ZTVN5hwlib13window_part_tE
                0x00000000000050f8       0x18 hwlib.o
                0x00000000000050f8                vtable for hwlib::window_part_t
 .rodata._ZN5hwlib16font_default_8x86imagesE
                0x0000000000005110      0xa00 hwlib.o
                0x0000000000005110                hwlib::font_default_8x8::images
 .rodata._ZN5hwlibL5blackE
                0x0000000000005b10        0x4 hwlib.o
 .rodata._ZN5hwlibL5whiteE
                0x0000000000005b14        0x4 hwlib.o
 .rodata._ZTVN3due7pin_outE
                0x0000000000005b18       0x10 main.o
                0x0000000000005b18                vtable for due::pin_out
 .rodata._ZTVN3due8d2_36kHzE
                0x0000000000005b28       0x10 main.o
                0x0000000000005b28                vtable for due::d2_36kHz
 .rodata._ZTVN4rtos4taskILi4096EEE
                0x0000000000005b38       0x14 main.o
                0x0000000000005b38                vtable for rtos::task<4096>
 .rodata._ZTVN4rtos7channelI11TypeMessageLi10EEE
                0x0000000000005b4c        0xc main.o
                0x0000000000005b4c                vtable for rtos::channel<TypeMessage, 10>
 .rodata._ZTV14pause_listener
                0x0000000000005b58        0xc main.o
                0x0000000000005b58                vtable for pause_listener
 .rodata._ZTVN4rtos7channelIiLi128EEE
                0x0000000000005b64        0xc main.o
                0x0000000000005b64                vtable for rtos::channel<int, 128>
 .rodata._ZTVN4rtos7channelIcLi18EEE
                0x0000000000005b70        0xc main.o
                0x0000000000005b70                vtable for rtos::channel<char, 18>
 .rodata._ZTVN4rtos7channelI8buttonidLi10EEE
                0x0000000000005b7c        0xc main.o
                0x0000000000005b7c                vtable for rtos::channel<buttonid, 10>
 .rodata._ZN10PlayerInfoC2Ev.str1.1
                0x0000000000005b88        0xe main.o
 .rodata._ZN4rtos8callbackD2Ev.str1.1
                0x0000000000005b96       0x21 main.o
                                         0x35 (size before relaxing)
 .rodata.main.str1.1
                0x0000000000005bb7      0x128 main.o
                0x0000000000005ce0                . = ALIGN (0x4)
 *fill*         0x0000000000005cdf        0x1 
 *(.ARM.extab* .gnu.linkonce.armextab.*)
                0x0000000000005ce0                . = ALIGN (0x4)
 *(.gcc_except_table)
                0x0000000000005ce0                . = ALIGN (0x4)
 *(.eh_frame_hdr)
                0x0000000000005ce0                . = ALIGN (0x4)
 *(.eh_frame)
                0x0000000000005ce0                . = ALIGN (0x4)
                0x0000000000005ce0                __text_end = .
                [!provide]                        PROVIDE (__text_end = __text_end)

.vfp11_veneer   0x0000000000005ce0        0x0
 .vfp11_veneer  0x0000000000005ce0        0x0 linker stubs

.v4_bx          0x0000000000005ce0        0x0
 .v4_bx         0x0000000000005ce0        0x0 linker stubs

.iplt           0x0000000000005ce0        0x0
 .iplt          0x0000000000005ce0        0x0 ButtonTaak.o

.IF_YOU_SEE_THIS_YOU_HAVE_ONE_OR_MORE_GLOBAL_OBJECT_CONSTRUCTORS
 *(.init)
 *(.preinit_array)
 *(SORT_BY_NAME(.init_array.*))
 *(.init_array)
                0x0000000000005ce0                . = ALIGN (0x4)
                0x0000000000005ce0                __exidx_start = .
                [!provide]                        PROVIDE (__exidx_start = __exidx_start)

.ARM.exidx      0x0000000000005ce0        0x8
 *(.ARM.exidx* .gnu.linkonce.armexidx.*)
 .ARM.exidx     0x0000000000005ce0        0x8 /usr/bin/../lib/gcc/arm-none-eabi/7.3.1/thumb/v7-m/libgcc.a(_udivmoddi4.o)

.rel.dyn        0x0000000000005ce8        0x0
 .rel.iplt      0x0000000000005ce8        0x0 ButtonTaak.o
                0x0000000000005ce8                . = ALIGN (0x4)
                0x0000000000005ce8                __exidx_end = .
                [!provide]                        PROVIDE (__exidx_end = __exidx_end)

.bss            0x0000000020000000    0x1405c
                0x0000000020000000                . = ALIGN (0x4)
                0x0000000020000000                __stack_start = .
                [!provide]                        PROVIDE (__stack_start = __stack_start)
                0x0000000020000000                . = ALIGN (0x4)
 *(.bmptk_stack)
 .bmptk_stack   0x0000000020000000    0x14000 bmptk_fixed_size_stack.o
                0x0000000020000000                bmptk_stack
                0x0000000020014000                . = ALIGN (0x8)
                0x0000000020014000                __main_stack_end = .
                [!provide]                        PROVIDE (__main_stack_end = __main_stack_end)
                0x0000000020014000                . = ALIGN (0x4)
                0x0000000020014000                __stack_end = .
                [!provide]                        PROVIDE (__stack_end = __stack_end)
                0x0000000020014000                . = ALIGN (0x4)
                0x0000000020014000                __bss_start = .
                [!provide]                        PROVIDE (__bss_start = __bss_start)
                0x0000000020014000                . = ALIGN (0x4)
 *(.bss .bss.* .gnu.linkonce.b.*)
 .bss._ZZN3due9now_ticksEvE4high
                0x0000000020014000        0x8 ButtonTaak.o
 .bss._ZZN3due9now_ticksEvE8last_low
                0x0000000020014008        0x4 ButtonTaak.o
 .bss._ZZN3due9now_ticksEvE9init_done
                0x000000002001400c        0x1 ButtonTaak.o
 *fill*         0x000000002001400d        0x3 
 .bss._ZN17coroutine_context7main_spE
                0x0000000020014010        0x4 coroutine.o
                0x0000000020014010                coroutine_context::main_sp
 .bss._ZN4rtos10must_clearE
                0x0000000020014014        0x1 rtos.o
                0x0000000020014014                rtos::must_clear
 *fill*         0x0000000020014015        0x3 
 .bss._ZN4rtos17rtos_current_taskE
                0x0000000020014018        0x4 rtos.o
                0x0000000020014018                rtos::rtos_current_task
 .bss._ZN4rtos17scheduler_runningE
                0x000000002001401c        0x1 rtos.o
                0x000000002001401c                rtos::scheduler_running
 *fill*         0x000000002001401d        0x3 
 .bss._ZN4rtos5flagsE
                0x0000000020014020        0x4 rtos.o
                0x0000000020014020                rtos::flags
 .bss._ZN4rtos5poolsE
                0x0000000020014024        0x4 rtos.o
                0x0000000020014024                rtos::pools
 .bss._ZN4rtos6clocksE
                0x0000000020014028        0x4 rtos.o
                0x0000000020014028                rtos::clocks
 .bss._ZN4rtos6timersE
                0x000000002001402c        0x4 rtos.o
                0x000000002001402c                rtos::timers
 .bss._ZN4rtos7mutexesE
                0x0000000020014030        0x4 rtos.o
                0x0000000020014030                rtos::mutexes
 .bss._ZN4rtos8channelsE
                0x0000000020014034        0x4 rtos.o
                0x0000000020014034                rtos::channels
 .bss._ZN4rtos8taskListE
                0x0000000020014038        0x4 rtos.o
                0x0000000020014038                rtos::taskList
 .bss._ZN4rtos9mailboxesE
                0x000000002001403c        0x4 rtos.o
                0x000000002001403c                rtos::mailboxes
 .bss._ZN4rtos9timerListE
                0x0000000020014040        0x4 rtos.o
                0x0000000020014040                rtos::timerList
 *fill*         0x0000000020014044        0x4 
 .bss.last_run_time
                0x0000000020014048        0x8 rtos.o
                0x0000000020014048                last_run_time
 .bss._ZN5hwlib10background5firstE
                0x0000000020014050        0x4 hwlib.o
                0x0000000020014050                hwlib::background::first
 .bss._ZN5hwlib10background7currentE
                0x0000000020014054        0x4 hwlib.o
                0x0000000020014054                hwlib::background::current
 .bss._ZN5hwlib10background7runningE
                0x0000000020014058        0x1 hwlib.o
                0x0000000020014058                hwlib::background::running
 .bss._ZZN3due9uart_initEvE9init_done
                0x0000000020014059        0x1 hwlib.o
                0x000000002001405c                . = ALIGN (0x4)
 *fill*         0x000000002001405a        0x2 
 *(COMMON)
                0x000000002001405c                . = ALIGN (0x4)
                0x000000002001405c                __bss_end = .
                [!provide]                        PROVIDE (__bss_end = __bss_end)

.data           0x000000002001405c       0x30 load address 0x0000000000005ce8
                0x000000002001405c                . = ALIGN (0x4)
                0x0000000000005ce8                __data_init_start = LOADADDR (.data)
                [!provide]                        PROVIDE (__data_init_start = __data_init_start)
                0x000000002001405c                __data_start = .
                [!provide]                        PROVIDE (__data_start = __data_start)
                0x000000002001405c                . = ALIGN (0x4)
 *(.data .data.* .gnu.linkonce.d.*)
 .data._ZN6sam3xa15SystemCoreClockE
                0x000000002001405c        0x4 ButtonTaak.o
                0x000000002001405c                sam3xa::SystemCoreClock
 .data._ZN17coroutine_context24current_coroutine_sp_ptrE
                0x0000000020014060        0x4 coroutine.o
                0x0000000020014060                coroutine_context::current_coroutine_sp_ptr
 .data._ZN3due7hw_uartE
                0x0000000020014064        0x4 hwlib.o
                0x0000000020014064                due::hw_uart
 .data._ZN5hwlib12pin_in_dummyE
                0x0000000020014068        0x4 hwlib.o
                0x0000000020014068                hwlib::pin_in_dummy
 .data._ZN5hwlib12pin_oc_dummyE
                0x000000002001406c        0x4 hwlib.o
                0x000000002001406c                hwlib::pin_oc_dummy
 .data._ZN5hwlib4coutE
                0x0000000020014070       0x14 hwlib.o
                0x0000000020014070                hwlib::cout
 .data._first_free
                0x0000000020014084        0x4 bmptk_heap_bmptk.o
                0x0000000020014084                _first_free
 .data._last_free
                0x0000000020014088        0x4 bmptk_heap_bmptk.o
                0x0000000020014088                _last_free
                0x000000002001408c                . = ALIGN (0x4)
                0x000000002001408c                __data_end = .
                [!provide]                        PROVIDE (__data_end = __data_end)
                0x0000000000005ce8                __data_init_end = LOADADDR (.data)
                [!provide]                        PROVIDE (__data_init_end = __data_init_end)
                [!provide]                        PROVIDE (__data_size = (__data_end - __data_start))
                [!provide]                        PROVIDE (__data_init_size = __data_size)
                [!provide]                        PROVIDE (__data_init_end = (__data_init_start + __data_init_size))

.igot.plt       0x000000002001408c        0x0 load address 0x0000000000005d18
 .igot.plt      0x000000002001408c        0x0 ButtonTaak.o
                0x000000002001408c                . = ALIGN (0x4)
                0x000000002001408c                __heap_start = .
                [!provide]                        PROVIDE (__heap_start = __heap_start)
                0x000000002001408c                . = ALIGN (0x4)
                0x0000000020018000                __heap_end = __ram_end
                [!provide]                        PROVIDE (__heap_end = __heap_end)

.stab
 *(.stab)

.stabstr
 *(.stabstr)

.debug
 *(.debug)

.line
 *(.line)

.debug_srcinfo
 *(.debug_srcinfo)

.debug_sfnames
 *(.debug_sfnames)

.debug_aranges
 *(.debug_aranges)

.debug_pubnames
 *(.debug_pubnames)

.debug_info
 *(.debug_info .gnu.linkonce.wi.*)

.debug_abbrev
 *(.debug_abbrev)

.debug_line
 *(.debug_line)

.debug_frame    0x0000000000000000       0xdc
 *(.debug_frame)
 .debug_frame   0x0000000000000000       0x44 /usr/bin/../lib/gcc/arm-none-eabi/7.3.1/thumb/v7-m/libgcc.a(_aeabi_ldivmod.o)
 .debug_frame   0x0000000000000044       0x2c /usr/bin/../lib/gcc/arm-none-eabi/7.3.1/thumb/v7-m/libgcc.a(_aeabi_uldivmod.o)
 .debug_frame   0x0000000000000070       0x34 /usr/bin/../lib/gcc/arm-none-eabi/7.3.1/thumb/v7-m/libgcc.a(_udivmoddi4.o)
 .debug_frame   0x00000000000000a4       0x38 /usr/bin/../lib/gcc/arm-none-eabi/7.3.1/../../../../arm-none-eabi/lib/thumb/v7-m/libc.a(lib_a-memset.o)

.comment        0x0000000000000000       0x7f
 .comment       0x0000000000000000       0x7f ButtonTaak.o
                                         0x80 (size before relaxing)
 .comment       0x000000000000007f       0x80 InputControlTaak.o
 .comment       0x000000000000007f       0x80 KeypadTaak.o
 .comment       0x000000000000007f       0x80 PlayerInfo.o
 .comment       0x000000000000007f       0x80 runGameTaak.o
 .comment       0x000000000000007f       0x80 SendTask.o
 .comment       0x000000000000007f       0x80 TransferHitsControlTaak.o
 .comment       0x000000000000007f       0x80 pause_detector.o
 .comment       0x000000000000007f       0x80 DisplayTaak.o
 .comment       0x000000000000007f       0x80 msg_decoder.o
 .comment       0x000000000000007f       0x80 coroutine.o
 .comment       0x000000000000007f       0x80 rtos.o
 .comment       0x000000000000007f       0x80 hwlib.o
 .comment       0x000000000000007f       0x80 main.o
 .comment       0x000000000000007f       0x80 bmptk_cortex.o
 .comment       0x000000000000007f       0x80 bmptk_heap_bmptk.o
 .comment       0x000000000000007f       0x80 bmptk_fixed_size_stack.o

.debug_str
 *(.debug_str)

.debug_loc
 *(.debug_loc)

.debug_macinfo
 *(.debug_macinfo)

.debug_weaknames
 *(.debug_weaknames)

.debug_funcnames
 *(.debug_funcnames)

.debug_typenames
 *(.debug_typenames)

.debug_varnames
 *(.debug_varnames)

.note.gnu.arm.ident
 *(.note.gnu.arm.ident)

.ARM.attributes
                0x0000000000000000       0x31
 *(.ARM.attributes)
 .ARM.attributes
                0x0000000000000000       0x33 ButtonTaak.o
 .ARM.attributes
                0x0000000000000033       0x33 InputControlTaak.o
 .ARM.attributes
                0x0000000000000066       0x33 KeypadTaak.o
 .ARM.attributes
                0x0000000000000099       0x33 PlayerInfo.o
 .ARM.attributes
                0x00000000000000cc       0x33 runGameTaak.o
 .ARM.attributes
                0x00000000000000ff       0x33 SendTask.o
 .ARM.attributes
                0x0000000000000132       0x33 TransferHitsControlTaak.o
 .ARM.attributes
                0x0000000000000165       0x33 pause_detector.o
 .ARM.attributes
                0x0000000000000198       0x33 DisplayTaak.o
 .ARM.attributes
                0x00000000000001cb       0x33 msg_decoder.o
 .ARM.attributes
                0x00000000000001fe       0x21 switch_to.o
 .ARM.attributes
                0x000000000000021f       0x33 coroutine.o
 .ARM.attributes
                0x0000000000000252       0x33 rtos.o
 .ARM.attributes
                0x0000000000000285       0x33 hwlib.o
 .ARM.attributes
                0x00000000000002b8       0x33 main.o
 .ARM.attributes
                0x00000000000002eb       0x33 bmptk_cortex.o
 .ARM.attributes
                0x000000000000031e       0x33 bmptk_heap_bmptk.o
 .ARM.attributes
                0x0000000000000351       0x33 bmptk_fixed_size_stack.o
 .ARM.attributes
                0x0000000000000384       0x1d /usr/bin/../lib/gcc/arm-none-eabi/7.3.1/thumb/v7-m/libgcc.a(_aeabi_ldivmod.o)
 .ARM.attributes
                0x00000000000003a1       0x1d /usr/bin/../lib/gcc/arm-none-eabi/7.3.1/thumb/v7-m/libgcc.a(_aeabi_uldivmod.o)
 .ARM.attributes
                0x00000000000003be       0x2d /usr/bin/../lib/gcc/arm-none-eabi/7.3.1/thumb/v7-m/libgcc.a(_udivmoddi4.o)
 .ARM.attributes
                0x00000000000003eb       0x1d /usr/bin/../lib/gcc/arm-none-eabi/7.3.1/thumb/v7-m/libgcc.a(_dvmd_tls.o)
 .ARM.attributes
                0x0000000000000408       0x1b /usr/bin/../lib/gcc/arm-none-eabi/7.3.1/../../../../arm-none-eabi/lib/thumb/v7-m/libc.a(lib_a-memcpy.o)
 .ARM.attributes
                0x0000000000000423       0x2d /usr/bin/../lib/gcc/arm-none-eabi/7.3.1/../../../../arm-none-eabi/lib/thumb/v7-m/libc.a(lib_a-memset.o)

/DISCARD/
 *(.note.GNU-stack)
                [!provide]                        PROVIDE (__text_size = (__text_end - __text_start))
                [!provide]                        PROVIDE (__exidx_size = (__exidx_end - __exidx_start))
                [!provide]                        PROVIDE (__bss_size = (__bss_end - __bss_start))
                [!provide]                        PROVIDE (__stack_size = (__stack_end - __stack_start))
                [!provide]                        PROVIDE (__heap_size = (__heap_end - __heap_start))
OUTPUT(main.elf elf32-littlearm)
