Archive member included to satisfy reference by file (symbol)

/usr/bin/../lib/gcc/arm-none-eabi/7.3.1/thumb/v7-m/libgcc.a(_aeabi_ldivmod.o)
                              msg_decoder.o (__aeabi_ldivmod)
/usr/bin/../lib/gcc/arm-none-eabi/7.3.1/thumb/v7-m/libgcc.a(_aeabi_uldivmod.o)
                              msg_decoder.o (__aeabi_uldivmod)
/usr/bin/../lib/gcc/arm-none-eabi/7.3.1/thumb/v7-m/libgcc.a(_udivmoddi4.o)
                              /usr/bin/../lib/gcc/arm-none-eabi/7.3.1/thumb/v7-m/libgcc.a(_aeabi_ldivmod.o) (__udivmoddi4)
/usr/bin/../lib/gcc/arm-none-eabi/7.3.1/thumb/v7-m/libgcc.a(_dvmd_tls.o)
                              /usr/bin/../lib/gcc/arm-none-eabi/7.3.1/thumb/v7-m/libgcc.a(_aeabi_ldivmod.o) (__aeabi_ldiv0)
/usr/bin/../lib/gcc/arm-none-eabi/7.3.1/../../../../arm-none-eabi/lib/thumb/v7-m/libc.a(lib_a-memcpy.o)
                              runGameTaak.o (memcpy)
/usr/bin/../lib/gcc/arm-none-eabi/7.3.1/../../../../arm-none-eabi/lib/thumb/v7-m/libc.a(lib_a-memset.o)
                              main.o (memset)

Allocating common symbols
Common symbol       size              file

__dso_handle        0x4               bmptk_cortex.o

Discarded input sections

 .group         0x0000000000000000        0x8 ButtonTaak.o
 .group         0x0000000000000000        0x8 ButtonTaak.o
 .group         0x0000000000000000        0xc ButtonTaak.o
 .group         0x0000000000000000        0xc ButtonTaak.o
 .group         0x0000000000000000        0xc ButtonTaak.o
 .text          0x0000000000000000        0x0 ButtonTaak.o
 .data          0x0000000000000000        0x0 ButtonTaak.o
 .bss           0x0000000000000000        0x0 ButtonTaak.o
 .text._ZN3due11ad_pin_infoENS_7ad_pinsE
                0x0000000000000000       0x1c ButtonTaak.o
 .text._ZN3due11ad_seq_infoEm
                0x0000000000000000       0x20 ButtonTaak.o
 .text._ZN5hwlib19uart_char_availableEv
                0x0000000000000000        0x4 ButtonTaak.o
 .text._ZN5hwlib9uart_getcEv
                0x0000000000000000        0x4 ButtonTaak.o
 .rodata._ZZN3due11ad_pin_infoENS_7ad_pinsEE17ad_pin_info_array
                0x0000000000000000        0xc ButtonTaak.o
 .rodata._ZZN3due11ad_seq_infoEmE12ad_seq_array
                0x0000000000000000       0x70 ButtonTaak.o
 .group         0x0000000000000000        0xc InputControlTaak.o
 .group         0x0000000000000000        0x8 InputControlTaak.o
 .group         0x0000000000000000        0xc InputControlTaak.o
 .group         0x0000000000000000        0xc InputControlTaak.o
 .text          0x0000000000000000        0x0 InputControlTaak.o
 .data          0x0000000000000000        0x0 InputControlTaak.o
 .bss           0x0000000000000000        0x0 InputControlTaak.o
 .text._ZN6sam3xa10SystemInitEv
                0x0000000000000000       0x7c InputControlTaak.o
 .text._ZN3due8pin_infoENS_4pinsE
                0x0000000000000000       0x20 InputControlTaak.o
 .text._ZN3due11ad_pin_infoENS_7ad_pinsE
                0x0000000000000000       0x1c InputControlTaak.o
 .text._ZN3due11ad_seq_infoEm
                0x0000000000000000       0x20 InputControlTaak.o
 .text._ZN3due14port_registersEm
                0x0000000000000000       0x54 InputControlTaak.o
 .text._ZN3due12ticks_per_usEv
                0x0000000000000000        0x6 InputControlTaak.o
 .text._ZN3due9now_ticksEv
                0x0000000000000000       0x80 InputControlTaak.o
 .text._ZN5hwlib9uart_putcEc
                0x0000000000000000        0x4 InputControlTaak.o
 .text._ZN5hwlib19uart_char_availableEv
                0x0000000000000000        0x4 InputControlTaak.o
 .text._ZN5hwlib9uart_getcEv
                0x0000000000000000        0x4 InputControlTaak.o
 .bss._ZZN3due9now_ticksEvE4high
                0x0000000000000000        0x8 InputControlTaak.o
 .bss._ZZN3due9now_ticksEvE8last_low
                0x0000000000000000        0x4 InputControlTaak.o
 .bss._ZZN3due9now_ticksEvE9init_done
                0x0000000000000000        0x1 InputControlTaak.o
 .data._ZN6sam3xa15SystemCoreClockE
                0x0000000000000000        0x4 InputControlTaak.o
 .rodata._ZN3due8pin_infoENS_4pinsE.str1.1
                0x0000000000000000       0x33 InputControlTaak.o
 .rodata._ZZN3due11ad_pin_infoENS_7ad_pinsEE17ad_pin_info_array
                0x0000000000000000        0xc InputControlTaak.o
 .rodata._ZZN3due11ad_seq_infoEmE12ad_seq_array
                0x0000000000000000       0x70 InputControlTaak.o
 .rodata._ZZN3due8pin_infoENS_4pinsEE14pin_info_array
                0x0000000000000000       0xa4 InputControlTaak.o
 .group         0x0000000000000000        0x8 KeypadTaak.o
 .group         0x0000000000000000        0x8 KeypadTaak.o
 .group         0x0000000000000000        0x8 KeypadTaak.o
 .group         0x0000000000000000        0x8 KeypadTaak.o
 .group         0x0000000000000000        0x8 KeypadTaak.o
 .group         0x0000000000000000        0x8 KeypadTaak.o
 .group         0x0000000000000000        0x8 KeypadTaak.o
[...]
Memory Configuration

Name             Origin             Length             Attributes
rom              0x0000000000000000 0x0000000000080000 xr
ram              0x0000000020000000 0x0000000000018000 xrw
nul              0x0000000020018000 0x0000000000000000 xrw
*default*        0x0000000000000000 0xffffffffffffffff

Linker script and memory map

LOAD /usr/bin/../lib/gcc/arm-none-eabi/7.3.1/thumb/v7-m/libgcc.a
LOAD ButtonTaak.o
LOAD InputControlTaak.o
LOAD KeypadTaak.o
LOAD PlayerInfo.o
LOAD runGameTaak.o
LOAD SendTask.o
LOAD TransferHitsControlTaak.o
LOAD pause_detector.o
LOAD DisplayTaak.o
LOAD msg_decoder.o
LOAD SpeakerTaak.o
LOAD switch_to.o
LOAD coroutine.o
LOAD rtos.o
LOAD hwlib.o
LOAD main.o
LOAD bmptk_cortex.o
LOAD bmptk_heap_bmptk.o
LOAD bmptk_fixed_size_stack.o
LOAD /usr/bin/../lib/gcc/arm-none-eabi/7.3.1/../../../../arm-none-eabi/lib/thumb/v7-m/libm.a
LOAD /usr/bin/../lib/gcc/arm-none-eabi/7.3.1/thumb/v7-m/libgcc.a
LOAD /usr/bin/../lib/gcc/arm-none-eabi/7.3.1/../../../../arm-none-eabi/lib/thumb/v7-m/libc.a
                0x0000000000000000                __rom_start = ORIGIN (rom)
                0x0000000000080000                __rom_size = LENGTH (rom)
                0x0000000000080000                __rom_end = (__rom_start + __rom_size)
                0x0000000020000000                __ram_start = ORIGIN (ram)
                0x0000000000018000                __ram_size = LENGTH (ram)
                0x0000000020018000                __ram_end = (__ram_start + __ram_size)
                [!provide]                        PROVIDE (__rom_start = __rom_start)
                [!provide]                        PROVIDE (__rom_size = __rom_size)
                [!provide]                        PROVIDE (__rom_end = __rom_end)
                [!provide]                        PROVIDE (__ram_start = __ram_start)
                [!provide]                        PROVIDE (__ram_size = __ram_size)
                [!provide]                        PROVIDE (__ram_end = __ram_end)

.text           0x0000000000000000     0x5f14
                0x0000000000000000                . = ALIGN (0x4)
                0x0000000000000000                __text_start = .
                [!provide]                        PROVIDE (__text_start = __text_start)
                0x0000000000000000                . = ALIGN (0x4)
 *(.vectors)
 .vectors       0x0000000000000000       0x20 bmptk_cortex.o
                0x0000000000000000                __vectors
                0x0000000000000020                . = ALIGN (0x4)
 *(.text .text.* .gnu.linkonce.t.*)
 .text._ZN3due6pin_in4readEv
                0x0000000000000020       0x10 ButtonTaak.o
                0x0000000000000020                due::pin_in::read()
 .text._ZN3due6pin_in7refreshEv
                0x0000000000000030        0x2 ButtonTaak.o
                0x0000000000000030                due::pin_in::refresh()
 *fill*         0x0000000000000032        0x2 
 .text._ZN6sam3xa10SystemInitEv
                0x0000000000000034       0x7c ButtonTaak.o
                0x0000000000000034                sam3xa::SystemInit()
 .text._ZN3due8pin_infoENS_4pinsE
                0x00000000000000b0       0x20 ButtonTaak.o
                0x00000000000000b0                due::pin_info(due::pins)
 .text._ZN3due14port_registersEm
                0x00000000000000d0       0x54 ButtonTaak.o
                0x00000000000000d0                due::port_registers(unsigned long)
 .text._ZN3due6pin_inC2ENS_4pinsE
                0x0000000000000124       0x34 ButtonTaak.o
                0x0000000000000124                due::pin_in::pin_in(due::pins)
                0x0000000000000124                due::pin_in::pin_in(due::pins)
 .text.startup._ZN10ButtonTaak4mainEv
                0x0000000000000158       0x98 ButtonTaak.o
                0x0000000000000158                ButtonTaak::main()
 .text._ZN3due12ticks_per_usEv
                0x00000000000001f0        0x6 ButtonTaak.o
                0x00000000000001f0                due::ticks_per_us()
 *fill*         0x00000000000001f6        0x2 
 .text._ZN3due9now_ticksEv
                0x00000000000001f8       0x80 ButtonTaak.o
                0x00000000000001f8                due::now_ticks()
 .text._ZN5hwlib9uart_putcEc
                0x0000000000000278        0x4 ButtonTaak.o
                0x0000000000000278                hwlib::uart_putc(char)
 .text._ZN16InputControlTaak10KeyPressedEc
                0x000000000000027c       0x4a InputControlTaak.o
                0x000000000000027c                InputControlTaak::KeyPressed(char)
                0x00000000000002bc                non-virtual thunk to InputControlTaak::KeyPressed(char)
 .text._ZN5hwlib7ostream6fillerEi
                0x00000000000002c6       0x1a InputControlTaak.o
                0x00000000000002c6                hwlib::ostream::filler(int)
 .text._ZN5hwliblsERNS_7ostreamEPKc
                0x00000000000002e0       0x54 InputControlTaak.o
                0x00000000000002e0                hwlib::operator<<(hwlib::ostream&, char const*)
 .text.startup._ZN16InputControlTaak4mainEv
                0x0000000000000334      0x214 InputControlTaak.o
                0x0000000000000334                InputControlTaak::main()
 .text._ZN5hwlib21port_direct_from_in_t14number_of_pinsEv
                0x0000000000000548        0x8 KeypadTaak.o
                0x0000000000000548                hwlib::port_direct_from_in_t::number_of_pins()
 .text._ZN5hwlib21port_direct_from_in_t4readEv
                0x0000000000000550       0x18 KeypadTaak.o
                0x0000000000000550                hwlib::port_direct_from_in_t::read()
 .text._ZN5hwlib21port_direct_from_in_t7refreshEv
                0x0000000000000568        0x2 KeypadTaak.o
                0x0000000000000568                hwlib::port_direct_from_in_t::refresh()
 .text._ZN5hwlib21port_direct_from_oc_t14number_of_pinsEv
                0x000000000000056a        0x8 KeypadTaak.o
                0x000000000000056a                hwlib::port_direct_from_oc_t::number_of_pins()
 .text._ZN5hwlib21port_direct_from_oc_t5writeEj
                0x0000000000000572       0x18 KeypadTaak.o
                0x0000000000000572                hwlib::port_direct_from_oc_t::write(unsigned int)
 .text._ZN5hwlib21port_direct_from_oc_t4readEv
                0x000000000000058a       0x18 KeypadTaak.o
                0x000000000000058a                hwlib::port_direct_from_oc_t::read()
 .text._ZN5hwlib21port_direct_from_oc_t5flushEv
                0x00000000000005a2        0x2 KeypadTaak.o
                0x00000000000005a2                hwlib::port_direct_from_oc_t::flush()
 .text._ZN5hwlib21port_direct_from_oc_t7refreshEv
                0x00000000000005a4        0x2 KeypadTaak.o
                0x00000000000005a4                hwlib::port_direct_from_oc_t::refresh()
 .text._ZN5hwlib7istream11getc_nowaitEv
                0x00000000000005a6       0x1a KeypadTaak.o
                0x00000000000005a6                hwlib::istream::getc_nowait()
 .text._ZN3due6pin_oc4readEv
                0x00000000000005c0       0x10 KeypadTaak.o
                0x00000000000005c0                due::pin_oc::read()
 .text._ZN3due6pin_oc5writeEb
                0x00000000000005d0       0x10 KeypadTaak.o
                0x00000000000005d0                due::pin_oc::write(bool)
 .text._ZN3due6pin_oc5flushEv
                0x00000000000005e0        0x2 KeypadTaak.o
                0x00000000000005e0                due::pin_oc::flush()
 .text._ZN3due6pin_oc7refreshEv
                0x00000000000005e2        0x2 KeypadTaak.o
                0x00000000000005e2                due::pin_oc::refresh()
 .text._ZN5hwlib6keypadILi16EE4getcEv
                0x00000000000005e4       0x24 KeypadTaak.o
                0x00000000000005e4                hwlib::keypad<16>::getc()
 .text._ZN3due6pin_ocC2ENS_4pinsE
                0x0000000000000608       0x34 KeypadTaak.o
                0x0000000000000608                due::pin_oc::pin_oc(due::pins)
                0x0000000000000608                due::pin_oc::pin_oc(due::pins)
 .text._ZN5hwlib6keypadILi16EE7pressedEv
                0x000000000000063c       0x70 KeypadTaak.o
                0x000000000000063c                hwlib::keypad<16>::pressed()
 .text.startup._ZN10KeypadTaak4mainEv
                0x00000000000006ac      0x138 KeypadTaak.o
                0x00000000000006ac                KeypadTaak::main()
 .text._ZN5hwlib6keypadILi16EE14char_availableEv
                0x00000000000007e4       0x4a KeypadTaak.o
                0x00000000000007e4                hwlib::keypad<16>::char_available()
 .text._ZN10PlayerInfo9GetWeaponEi
                0x000000000000082e       0x20 PlayerInfo.o
                0x000000000000082e                PlayerInfo::GetWeapon(int)
 .text._ZN10PlayerInfo16GetCurrentWeaponEv
                0x000000000000084e        0x6 PlayerInfo.o
                0x000000000000084e                PlayerInfo::GetCurrentWeapon()
 .text._ZN10PlayerInfo9SetWeaponEi
                0x0000000000000854        0x6 PlayerInfo.o
                0x0000000000000854                PlayerInfo::SetWeapon(int)
 .text._ZN10PlayerInfo11GetPlayerIDEv
                0x000000000000085a        0x4 PlayerInfo.o
                0x000000000000085a                PlayerInfo::GetPlayerID()
 .text._ZN10PlayerInfo11SetPlayerIDEj
                0x000000000000085e        0x4 PlayerInfo.o
                0x000000000000085e                PlayerInfo::SetPlayerID(unsigned int)
 .text._ZN10PlayerInfo9SetHealthEi
                0x0000000000000862        0x6 PlayerInfo.o
                0x0000000000000862                PlayerInfo::SetHealth(int)
 .text._ZN10PlayerInfo9GetHealthEv
                0x0000000000000868        0x6 PlayerInfo.o
                0x0000000000000868                PlayerInfo::GetHealth()
 .text._ZN11RunGameTaak11sendMessageEm
                0x000000000000086e       0x16 runGameTaak.o
                0x000000000000086e                RunGameTaak::sendMessage(unsigned long)
 .text._ZThn4228_N11RunGameTaak11sendMessageEm
                0x0000000000000884        0xc runGameTaak.o
                0x0000000000000884                non-virtual thunk to RunGameTaak::sendMessage(unsigned long)
 .text._ZN11RunGameTaak12InputMessageE8buttonid
                0x0000000000000890       0x40 runGameTaak.o
                0x0000000000000890                RunGameTaak::InputMessage(buttonid)
 .text._ZThn4232_N11RunGameTaak12InputMessageE8buttonid
                0x00000000000008d0        0xc runGameTaak.o
                0x00000000000008d0                non-virtual thunk to RunGameTaak::InputMessage(buttonid)
 .text._ZN5hwlib7ostreamlsEc
                0x00000000000008dc        0xe runGameTaak.o
                0x00000000000008dc                hwlib::ostream::operator<<(char)
 .text._ZN5hwliblsERNS_7ostreamEi
                0x00000000000008ea       0xce runGameTaak.o
                0x00000000000008ea                hwlib::operator<<(hwlib::ostream&, int)
 .text._ZN11RunGameTaak17calculateCheckSumEm
                0x00000000000009b8       0x3e runGameTaak.o
                0x00000000000009b8                RunGameTaak::calculateCheckSum(unsigned long)
 .text._ZN11RunGameTaak19computeStartCommandEmm
                0x00000000000009f6        0xe runGameTaak.o
                0x00000000000009f6                RunGameTaak::computeStartCommand(unsigned long, unsigned long)
 .text._ZN11RunGameTaak19computeShootCommandERm
                0x0000000000000a04       0x68 runGameTaak.o
                0x0000000000000a04                RunGameTaak::computeShootCommand(unsigned long&)
 .text._ZN11RunGameTaak12isHitMessageEm
                0x0000000000000a6c       0x32 runGameTaak.o
                0x0000000000000a6c                RunGameTaak::isHitMessage(unsigned long)
 *fill*         0x0000000000000a9e        0x2 
 .text._ZN11RunGameTaak10computeHitEm
                0x0000000000000aa0       0x64 runGameTaak.o
                0x0000000000000aa0                RunGameTaak::computeHit(unsigned long)
 .text._ZN11RunGameTaak17computeDeathDelayEm
                0x0000000000000b04       0x2e runGameTaak.o
                0x0000000000000b04                RunGameTaak::computeDeathDelay(unsigned long)
 .text._ZN11RunGameTaak17computeShootDelayEv
                0x0000000000000b32       0x4a runGameTaak.o
                0x0000000000000b32                RunGameTaak::computeShootDelay()
 .text._ZN4rtos7channelI8buttonidLi10EE4readEv
                0x0000000000000b7c       0x70 runGameTaak.o
                0x0000000000000b7c                rtos::channel<buttonid, 10>::read()
 .text._ZN11RunGameTaak12waitForInputEc
                0x0000000000000bec       0x7e runGameTaak.o
                0x0000000000000bec                RunGameTaak::waitForInput(char)
 *fill*         0x0000000000000c6a        0x2 
 .text.startup._ZN11RunGameTaak4mainEv
                0x0000000000000c6c      0x8d8 runGameTaak.o
                0x0000000000000c6c                RunGameTaak::main()
 .text.startup._ZN8SendTask4mainEv
                0x0000000000001544       0xf8 SendTask.o
                0x0000000000001544                SendTask::main()
 .text._ZN8SendTask11SendMessageEm
                0x000000000000163c       0x16 SendTask.o
                0x000000000000163c                SendTask::SendMessage(unsigned long)
 *fill*         0x0000000000001652        0x2 
 .text.startup._ZN23TransferHitsControlTaak4mainEv
                0x0000000000001654       0xdc TransferHitsControlTaak.o
                0x0000000000001654                TransferHitsControlTaak::main()
 .text._ZN23TransferHitsControlTaak7writingEv
                0x0000000000001730        0xa TransferHitsControlTaak.o
                0x0000000000001730                TransferHitsControlTaak::writing()
 .text._ZN23TransferHitsControlTaak6AddHitEiii
                0x000000000000173a       0x26 TransferHitsControlTaak.o
                0x000000000000173a                TransferHitsControlTaak::AddHit(int, int, int)
 .text.startup._ZN14pause_detector4mainEv
                0x0000000000001760       0x5a pause_detector.o
                0x0000000000001760                pause_detector::main()
 .text._ZN5hwlib8terminal10cursor_setENS_2xyE
                0x00000000000017ba       0x28 DisplayTaak.o
                0x00000000000017ba                hwlib::terminal::cursor_set(hwlib::xy)
 .text._ZN5hwlib14i2c_primitives8read_ackEv
                0x00000000000017e2       0x10 DisplayTaak.o
                0x00000000000017e2                hwlib::i2c_primitives::read_ack()
 .text._ZN5hwlib14i2c_primitives9write_ackEv
                0x00000000000017f2        0x8 DisplayTaak.o
                0x00000000000017f2                hwlib::i2c_primitives::write_ack()
 .text._ZN5hwlib14i2c_primitives10write_nackEv
                0x00000000000017fa        0x8 DisplayTaak.o
                0x00000000000017fa                hwlib::i2c_primitives::write_nack()
 .text._ZN5hwlib14i2c_primitives5writeEh
                0x0000000000001802       0x1c DisplayTaak.o
                0x0000000000001802                hwlib::i2c_primitives::write(unsigned char)
 .text._ZN5hwlib14i2c_primitives5writeEPKhj
                0x000000000000181e       0x24 DisplayTaak.o
                0x000000000000181e                hwlib::i2c_primitives::write(unsigned char const*, unsigned int)
 .text._ZN5hwlib14i2c_primitives9read_byteEv
                0x0000000000001842       0x20 DisplayTaak.o
                0x0000000000001842                hwlib::i2c_primitives::read_byte()
 .text._ZN5hwlib14i2c_primitives4readEbPhj
                0x0000000000001862       0x36 DisplayTaak.o
                0x0000000000001862                hwlib::i2c_primitives::read(bool, unsigned char*, unsigned int)
 .text._ZN5hwlib13terminal_from25cursor_set_implementationENS_2xyE
                0x0000000000001898       0x28 DisplayTaak.o
                0x0000000000001898                hwlib::terminal_from::cursor_set_implementation(hwlib::xy)
 .text._ZN5hwlib13terminal_from5clearEv
                0x00000000000018c0       0x30 DisplayTaak.o
                0x00000000000018c0                hwlib::terminal_from::clear()
 .text._ZN5hwlib13terminal_from5flushEv
                0x00000000000018f0        0x8 DisplayTaak.o
                0x00000000000018f0                hwlib::terminal_from::flush()
 .text._ZNK5hwlib16font_default_8x8ixEc
                0x00000000000018f8       0x14 DisplayTaak.o
                0x00000000000018f8                hwlib::font_default_8x8::operator[](char) const
 .text._ZN5hwlib29glcd_oled_i2c_128x64_buffered20write_implementationENS_2xyENS_5colorE
                0x000000000000190c       0x64 DisplayTaak.o
                0x000000000000190c                hwlib::glcd_oled_i2c_128x64_buffered::write_implementation(hwlib::xy, hwlib::color)
 .text._ZN5hwlib8terminal4putcEc
                0x0000000000001970       0xde DisplayTaak.o
                0x0000000000001970                hwlib::terminal::putc(char)
 .text._ZN5hwlib26i2c_bus_bit_banged_scl_sda16wait_half_periodEv.isra.9
                0x0000000000001a4e        0x6 DisplayTaak.o
 .text._ZN5hwlib26i2c_bus_bit_banged_scl_sda10write_stopEv
                0x0000000000001a54       0x60 DisplayTaak.o
                0x0000000000001a54                hwlib::i2c_bus_bit_banged_scl_sda::write_stop()
 .text._ZN5hwlib26i2c_bus_bit_banged_scl_sda11write_startEv
                0x0000000000001ab4       0x34 DisplayTaak.o
                0x0000000000001ab4                hwlib::i2c_bus_bit_banged_scl_sda::write_start()
 .text._ZN5hwlib26i2c_bus_bit_banged_scl_sda8read_bitEv
                0x0000000000001ae8       0x68 DisplayTaak.o
                0x0000000000001ae8                hwlib::i2c_bus_bit_banged_scl_sda::read_bit()
 .text._ZN5hwlib26i2c_bus_bit_banged_scl_sda9write_bitEb
                0x0000000000001b50       0x52 DisplayTaak.o
                0x0000000000001b50                hwlib::i2c_bus_bit_banged_scl_sda::write_bit(bool)
 .text._ZN5hwlib6window20clear_implementationENS_5colorE
                0x0000000000001ba2       0x7c DisplayTaak.o
                0x0000000000001ba2                hwlib::window::clear_implementation(hwlib::color)
 .text._ZN5hwlib6window5clearENS_5colorE
                0x0000000000001c1e       0x56 DisplayTaak.o
                0x0000000000001c1e                hwlib::window::clear(hwlib::color)
 .text._ZN5hwlib21i2c_write_transactionC2ERNS_14i2c_primitivesEj
                0x0000000000001c74       0x24 DisplayTaak.o
                0x0000000000001c74                hwlib::i2c_write_transaction::i2c_write_transaction(hwlib::i2c_primitives&, unsigned int)
                0x0000000000001c74                hwlib::i2c_write_transaction::i2c_write_transaction(hwlib::i2c_primitives&, unsigned int)
 .text._ZN5hwlib21i2c_write_transaction5writeEPKhj
                0x0000000000001c98        0x8 DisplayTaak.o
                0x0000000000001c98                hwlib::i2c_write_transaction::write(unsigned char const*, unsigned int)
 .text._ZN5hwlib21i2c_write_transactionD2Ev
                0x0000000000001ca0       0x18 DisplayTaak.o
                0x0000000000001ca0                hwlib::i2c_write_transaction::~i2c_write_transaction()
                0x0000000000001ca0                hwlib::i2c_write_transaction::~i2c_write_transaction()
 .text._ZN5hwlib6window5writeENS_2xyENS_5colorE
                0x0000000000001cb8       0x5c DisplayTaak.o
                0x0000000000001cb8                hwlib::window::write(hwlib::xy, hwlib::color)
 .text._ZN5hwlib4line4drawERNS_6windowE
                0x0000000000001d14       0xa2 DisplayTaak.o
                0x0000000000001d14                hwlib::line::draw(hwlib::window&)
 .text._ZN5hwlib6window5writeENS_2xyERKNS_5imageE
                0x0000000000001db6       0x98 DisplayTaak.o
                0x0000000000001db6                hwlib::window::write(hwlib::xy, hwlib::image const&)
 .text._ZN5hwlib13terminal_from19putc_implementationEc
                0x0000000000001e4e       0x2e DisplayTaak.o
                0x0000000000001e4e                hwlib::terminal_from::putc_implementation(char)
 .text._ZN5hwlib9rectangle4drawERNS_6windowE
                0x0000000000001e7c       0xe8 DisplayTaak.o
                0x0000000000001e7c                hwlib::rectangle::draw(hwlib::window&)
 .text._ZN5hwlib13terminal_fromC2ERNS_6windowERKNS_4fontE
                0x0000000000001f64       0x58 DisplayTaak.o
                0x0000000000001f64                hwlib::terminal_from::terminal_from(hwlib::window&, hwlib::font const&)
                0x0000000000001f64                hwlib::terminal_from::terminal_from(hwlib::window&, hwlib::font const&)
 .text._ZN5hwlib11ssd1306_i2c7commandENS_16ssd1306_commandsEhh
                0x0000000000001fbc       0x3c DisplayTaak.o
                0x0000000000001fbc                hwlib::ssd1306_i2c::command(hwlib::ssd1306_commands, unsigned char, unsigned char)
 .text._ZN5hwlib29glcd_oled_i2c_128x64_buffered5flushEv
                0x0000000000001ff8       0x58 DisplayTaak.o
                0x0000000000001ff8                hwlib::glcd_oled_i2c_128x64_buffered::flush()
 .text.startup._ZN11DisplayTaak4mainEv
                0x0000000000002050      0x488 DisplayTaak.o
                0x0000000000002050                DisplayTaak::main()
 .text._ZN4rtos7channelI11TypeMessageLi10EE5writeES1_
                0x00000000000024d8       0x5a DisplayTaak.o
                0x00000000000024d8                rtos::channel<TypeMessage, 10>::write(TypeMessage)
 .text._ZN11DisplayTaak11showMessageEPKcc
                0x0000000000002532       0x1e DisplayTaak.o
                0x0000000000002532                DisplayTaak::showMessage(char const*, char)
 .text._ZN11DisplayTaak11showMessageEic
                0x0000000000002550       0x1e DisplayTaak.o
                0x0000000000002550                DisplayTaak::showMessage(int, char)
 .text._ZN11msg_decoder14pause_detectedEi
                0x000000000000256e       0x40 msg_decoder.o
                0x000000000000256e                msg_decoder::pause_detected(int)
 .text._ZN5hwlib7ostream7reverse10add_prefixERKS0_.part.2
                0x00000000000025ae       0x4c msg_decoder.o
 .text._ZN5hwliblsERNS_7ostreamEx
                0x00000000000025fa       0xc4 msg_decoder.o
                0x00000000000025fa                hwlib::operator<<(hwlib::ostream&, long long)
 *fill*         0x00000000000026be        0x2 
 .text.startup._ZN11msg_decoder4mainEv
                0x00000000000026c0      0x1dc msg_decoder.o
                0x00000000000026c0                msg_decoder::main()
 .text._ZThn8_N11msg_decoder4mainEv
                0x000000000000289c        0x8 msg_decoder.o
                0x000000000000289c                non-virtual thunk to msg_decoder::main()
 .text._ZN3due7pin_out5writeEb
                0x00000000000028a4        0xe SpeakerTaak.o
                0x00000000000028a4                due::pin_out::write(bool)
 .text._ZN3due7pin_out5flushEv
                0x00000000000028b2        0x2 SpeakerTaak.o
                0x00000000000028b2                due::pin_out::flush()
 .text.startup._ZN11SpeakerTaak4mainEv
                0x00000000000028b4      0x194 SpeakerTaak.o
                0x00000000000028b4                SpeakerTaak::main()
 .text          0x0000000000002a48       0x24 switch_to.o
                0x0000000000002a48                switch_from_to
 .text._ZN4rtos8callback6cancelEv
                0x0000000000002a6c        0xa rtos.o
                0x0000000000002a6c                rtos::callback::cancel()
 .text._ZN5hwliblsERNS_7ostreamEj
                0x0000000000002a76        0xc rtos.o
                0x0000000000002a76                hwlib::operator<<(hwlib::ostream&, unsigned int)
 .text._Z6strlenPKc
                0x0000000000002a82       0x10 rtos.o
                0x0000000000002a82                strlen(char const*)
 .text._Z6strcpyPcPKc
                0x0000000000002a92       0x14 rtos.o
                0x0000000000002a92                strcpy(char*, char const*)
 .text._Z15string_allocatePKc
                0x0000000000002aa6       0x26 rtos.o
                0x0000000000002aa6                string_allocate(char const*)
 .text._Z12nr_from_maskj
                0x0000000000002acc       0x1a rtos.o
                0x0000000000002acc                nr_from_mask(unsigned int)
 *fill*         0x0000000000002ae6        0x2 
 .text._Z15task_trampolinev
                0x0000000000002ae8       0x34 rtos.o
                0x0000000000002ae8                task_trampoline()
 .text._ZN4rtos9task_base7releaseEv
                0x0000000000002b1c       0x24 rtos.o
                0x0000000000002b1c                rtos::task_base::release()
 .text._ZN4rtos9task_base7suspendEv
                0x0000000000002b40        0x8 rtos.o
                0x0000000000002b40                rtos::task_base::suspend()
 .text._ZN4rtos9task_base6resumeEv
                0x0000000000002b48        0x8 rtos.o
                0x0000000000002b48                rtos::task_base::resume()
 .text._ZN4rtos9task_base7unblockEv
                0x0000000000002b50       0x14 rtos.o
                0x0000000000002b50                rtos::task_base::unblock()
 .text._ZN4rtos9task_base5blockEv
                0x0000000000002b64       0x70 rtos.o
                0x0000000000002b64                rtos::task_base::block()
 .text._ZNK4rtos9task_base5printERN5hwlib7ostreamEb
                0x0000000000002bd4      0x154 rtos.o
                0x0000000000002bd4                rtos::task_base::print(hwlib::ostream&, bool) const
 .text._ZNK4rtos5eventeqERKS0_
                0x0000000000002d28       0x3c rtos.o
                0x0000000000002d28                rtos::event::operator==(rtos::event const&) const
 .text._ZNK4rtos5eventeqERKNS_8waitableE
                0x0000000000002d64       0x1c rtos.o
                0x0000000000002d64                rtos::event::operator==(rtos::waitable const&) const
 .text._ZNK4rtos5eventplERKS0_
                0x0000000000002d80       0x3c rtos.o
                0x0000000000002d80                rtos::event::operator+(rtos::event const&) const
 .text._ZNK4rtos4flag5printERN5hwlib7ostreamEb
                0x0000000000002dbc       0xcc rtos.o
                0x0000000000002dbc                rtos::flag::print(hwlib::ostream&, bool) const
 .text._ZN4rtos5timer3setEm
                0x0000000000002e88        0xe rtos.o
                0x0000000000002e88                rtos::timer::set(unsigned long)
 *fill*         0x0000000000002e96        0x2 
 .text._ZNK4rtos5timer5printERN5hwlib7ostreamEb
                0x0000000000002e98       0xd0 rtos.o
                0x0000000000002e98                rtos::timer::print(hwlib::ostream&, bool) const
 .text._ZNK4rtos5clock5printERN5hwlib7ostreamEb
                0x0000000000002f68       0xd4 rtos.o
                0x0000000000002f68                rtos::clock::print(hwlib::ostream&, bool) const
 .text._ZN4rtos12waitable_set17waitable_allocateEv
                0x000000000000303c       0x38 rtos.o
                0x000000000000303c                rtos::waitable_set::waitable_allocate()
 .text._ZN4rtos8waitableC2EPNS_9task_baseEPKc
                0x0000000000003074       0x2c rtos.o
                0x0000000000003074                rtos::waitable::waitable(rtos::task_base*, char const*)
                0x0000000000003074                rtos::waitable::waitable(rtos::task_base*, char const*)
 .text._ZN4rtos12waitable_set3setERKNS_8waitableE
                0x00000000000030a0       0x14 rtos.o
                0x00000000000030a0                rtos::waitable_set::set(rtos::waitable const&)
 .text._ZN4rtos5clock7time_upEv
                0x00000000000030b4       0x38 rtos.o
                0x00000000000030b4                rtos::clock::time_up()
 .text._ZThn16_N4rtos5clock7time_upEv
                0x00000000000030ec        0x8 rtos.o
                0x00000000000030ec                non-virtual thunk to rtos::clock::time_up()
 .text._ZN4rtos5timer7time_upEv
                0x00000000000030f4       0x10 rtos.o
                0x00000000000030f4                rtos::timer::time_up()
                0x00000000000030fe                non-virtual thunk to rtos::timer::time_up()
 .text._ZN4rtos4flag3setEv
                0x0000000000003104       0x10 rtos.o
                0x0000000000003104                rtos::flag::set()
 .text._ZN4rtos12waitable_set5clearERKNS_8waitableE
                0x0000000000003114        0xc rtos.o
                0x0000000000003114                rtos::waitable_set::clear(rtos::waitable const&)
 .text._ZN4rtos8waitable5clearEv
                0x0000000000003120        0xa rtos.o
                0x0000000000003120                rtos::waitable::clear()
 .text._ZN4rtos5timer6cancelEv
                0x000000000000312a       0x16 rtos.o
                0x000000000000312a                rtos::timer::cancel()
 .text._ZThn16_N4rtos5timer6cancelEv
                0x0000000000003140        0x8 rtos.o
                0x0000000000003140                non-virtual thunk to rtos::timer::cancel()
 .text._ZN4rtos5clock5clearEv
                0x0000000000003148        0x8 rtos.o
                0x0000000000003148                rtos::clock::clear()
 .text._ZN4rtos12waitable_set4waitEj
                0x0000000000003150       0x64 rtos.o
                0x0000000000003150                rtos::waitable_set::wait(unsigned int)
 .text._ZNK4rtos5mutex5printERN5hwlib7ostreamEb
                0x00000000000031b4       0xec rtos.o
                0x00000000000031b4                rtos::mutex::print(hwlib::ostream&, bool) const
 .text._ZNK4rtos12channel_base5printERN5hwlib7ostreamEb
                0x00000000000032a0       0xe0 rtos.o
                0x00000000000032a0                rtos::channel_base::print(hwlib::ostream&, bool) const
 .text._ZNK4rtos9pool_base5printERN5hwlib7ostreamEb
                0x0000000000003380       0x78 rtos.o
                0x0000000000003380                rtos::pool_base::print(hwlib::ostream&, bool) const
 .text._ZNK4rtos12mailbox_base5printERN5hwlib7ostreamEb
                0x00000000000033f8       0xc4 rtos.o
                0x00000000000033f8                rtos::mailbox_base::print(hwlib::ostream&, bool) const
 .text._ZN4rtos3addEPNS_4flagE
                0x00000000000034bc       0x10 rtos.o
                0x00000000000034bc                rtos::add(rtos::flag*)
 .text._ZN4rtos4flagC2EPNS_9task_baseEPKc
                0x00000000000034cc       0x20 rtos.o
                0x00000000000034cc                rtos::flag::flag(rtos::task_base*, char const*)
                0x00000000000034cc                rtos::flag::flag(rtos::task_base*, char const*)
 .text._ZN4rtos3addEPNS_5timerE
                0x00000000000034ec       0x10 rtos.o
                0x00000000000034ec                rtos::add(rtos::timer*)
 .text._ZN4rtos3addEPNS_5clockE
                0x00000000000034fc       0x10 rtos.o
                0x00000000000034fc                rtos::add(rtos::clock*)
 .text._ZN4rtos3addEPNS_12channel_baseE
                0x000000000000350c       0x10 rtos.o
                0x000000000000350c                rtos::add(rtos::channel_base*)
 .text._ZN4rtos12channel_baseC2EPNS_9task_baseEPKc
                0x000000000000351c       0x30 rtos.o
                0x000000000000351c                rtos::channel_base::channel_base(rtos::task_base*, char const*)
                0x000000000000351c                rtos::channel_base::channel_base(rtos::task_base*, char const*)
 .text._ZN4rtos3addEPNS_9pool_baseE
                0x000000000000354c       0x10 rtos.o
                0x000000000000354c                rtos::add(rtos::pool_base*)
 .text._ZN4rtos9pool_baseC2EPKc
                0x000000000000355c       0x1a rtos.o
                0x000000000000355c                rtos::pool_base::pool_base(char const*)
                0x000000000000355c                rtos::pool_base::pool_base(char const*)
 *fill*         0x0000000000003576        0x2 
 .text._ZN4rtos5printERN5hwlib7ostreamE
                0x0000000000003578      0x1b4 rtos.o
                0x0000000000003578                rtos::print(hwlib::ostream&)
 .text._ZN4rtos4beatEv
                0x000000000000372c      0x148 rtos.o
                0x000000000000372c                rtos::beat()
 .text._ZN4rtos3runEv
                0x0000000000003874       0x20 rtos.o
                0x0000000000003874                rtos::run()
 .text._ZN4rtos3addEPNS_8callbackE
                0x0000000000003894       0x10 rtos.o
                0x0000000000003894                rtos::add(rtos::callback*)
 .text._ZN4rtos8callbackC2EPKc
                0x00000000000038a4       0x28 rtos.o
                0x00000000000038a4                rtos::callback::callback(char const*)
                0x00000000000038a4                rtos::callback::callback(char const*)
 .text._ZN4rtos5timerC2EPNS_9task_baseEPKc
                0x00000000000038cc       0x34 rtos.o
                0x00000000000038cc                rtos::timer::timer(rtos::task_base*, char const*)
                0x00000000000038cc                rtos::timer::timer(rtos::task_base*, char const*)
 .text._ZN4rtos5clockC2EPNS_9task_baseEmPKc
                0x0000000000003900       0x3c rtos.o
                0x0000000000003900                rtos::clock::clock(rtos::task_base*, unsigned long, char const*)
                0x0000000000003900                rtos::clock::clock(rtos::task_base*, unsigned long, char const*)
 .text._ZN4rtos3addEPNS_9task_baseE
                0x000000000000393c       0x74 rtos.o
                0x000000000000393c                rtos::add(rtos::task_base*)
 .text._ZN4rtos9task_baseC2ER9coroutineILl0EEjPKc
                0x00000000000039b0       0x4c rtos.o
                0x00000000000039b0                rtos::task_base::task_base(coroutine<0l>&, unsigned int, char const*)
                0x00000000000039b0                rtos::task_base::task_base(coroutine<0l>&, unsigned int, char const*)
 .text._ZN5hwlib7wait_usEi
                0x00000000000039fc       0x3c rtos.o
                0x00000000000039fc                hwlib::wait_us(int)
 .text._ZN5hwlib7wait_msEi
                0x0000000000003a38       0x16 rtos.o
                0x0000000000003a38                hwlib::wait_ms(int)
 .text._ZN5hwlib14pin_in_dummy_t4readEv
                0x0000000000003a4e        0x4 hwlib.o
                0x0000000000003a4e                hwlib::pin_in_dummy_t::read()
 .text._ZN5hwlib14pin_in_dummy_t7refreshEv
                0x0000000000003a52        0x2 hwlib.o
                0x0000000000003a52                hwlib::pin_in_dummy_t::refresh()
 .text._ZN5hwlib14pin_oc_dummy_t5writeEb
                0x0000000000003a54        0x2 hwlib.o
                0x0000000000003a54                hwlib::pin_oc_dummy_t::write(bool)
 .text._ZN5hwlib14pin_oc_dummy_t4readEv
                0x0000000000003a56        0x4 hwlib.o
                0x0000000000003a56                hwlib::pin_oc_dummy_t::read()
 .text._ZN5hwlib14pin_oc_dummy_t5flushEv
                0x0000000000003a5a        0x2 hwlib.o
                0x0000000000003a5a                hwlib::pin_oc_dummy_t::flush()
 .text._ZN5hwlib14pin_oc_dummy_t7refreshEv
                0x0000000000003a5c        0x2 hwlib.o
                0x0000000000003a5c                hwlib::pin_oc_dummy_t::refresh()
 .text._ZN5hwlib19port_in_from_pins_t14number_of_pinsEv
                0x0000000000003a5e        0x4 hwlib.o
                0x0000000000003a5e                hwlib::port_in_from_pins_t::number_of_pins()
 .text._ZN5hwlib19port_in_from_pins_t4readEv
                0x0000000000003a62       0x2a hwlib.o
                0x0000000000003a62                hwlib::port_in_from_pins_t::read()
 .text._ZN5hwlib19port_in_from_pins_t7refreshEv
                0x0000000000003a8c       0x20 hwlib.o
                0x0000000000003a8c                hwlib::port_in_from_pins_t::refresh()
 .text._ZN5hwlib19port_oc_from_pins_t14number_of_pinsEv
                0x0000000000003aac        0x4 hwlib.o
                0x0000000000003aac                hwlib::port_oc_from_pins_t::number_of_pins()
 .text._ZN5hwlib19port_oc_from_pins_t4readEv
                0x0000000000003ab0       0x2a hwlib.o
                0x0000000000003ab0                hwlib::port_oc_from_pins_t::read()
 .text._ZN5hwlib19port_oc_from_pins_t5writeEj
                0x0000000000003ada       0x28 hwlib.o
                0x0000000000003ada                hwlib::port_oc_from_pins_t::write(unsigned int)
 .text._ZN5hwlib19port_oc_from_pins_t7refreshEv
                0x0000000000003b02       0x20 hwlib.o
                0x0000000000003b02                hwlib::port_oc_from_pins_t::refresh()
 .text._ZN5hwlib19port_oc_from_pins_t5flushEv
                0x0000000000003b22       0x20 hwlib.o
                0x0000000000003b22                hwlib::port_oc_from_pins_t::flush()
 .text._ZN5hwlib20cout_using_uart_putc5flushEv
                0x0000000000003b42        0x2 hwlib.o
                0x0000000000003b42                hwlib::cout_using_uart_putc::flush()
 .text._ZNK5hwlib9image_8x819read_implementationENS_2xyE
                0x0000000000003b44       0x44 hwlib.o
                0x0000000000003b44                hwlib::image_8x8::read_implementation(hwlib::xy) const
 .text._ZN5hwlib13window_part_t5flushEv
                0x0000000000003b88        0x8 hwlib.o
                0x0000000000003b88                hwlib::window_part_t::flush()
 .text._ZN5hwlib5panicEPKcj
                0x0000000000003b90        0x2 hwlib.o
                0x0000000000003b90                hwlib::panic(char const*, unsigned int)
 *fill*         0x0000000000003b92        0x2 
 .text._ZN5hwlib10background18do_background_workEv
                0x0000000000003b94       0x3c hwlib.o
                0x0000000000003b94                hwlib::background::do_background_work()
 .text._ZN5hwlib3allENS_2xyE
                0x0000000000003bd0       0x16 hwlib.o
                0x0000000000003bd0                hwlib::all(hwlib::xy)
 .text._ZNK5hwlib5colorngEv
                0x0000000000003be6       0x2e hwlib.o
                0x0000000000003be6                hwlib::color::operator-() const
 .text._ZN5hwlib12port_in_fromERNS_6pin_inES1_S1_S1_S1_S1_S1_S1_S1_S1_S1_S1_S1_S1_S1_S1_
                0x0000000000003c14       0x68 hwlib.o
                0x0000000000003c14                hwlib::port_in_from(hwlib::pin_in&, hwlib::pin_in&, hwlib::pin_in&, hwlib::pin_in&, hwlib::pin_in&, hwlib::pin_in&, hwlib::pin_in&, hwlib::pin_in&, hwlib::pin_in&, hwlib::pin_in&, hwlib::pin_in&, hwlib::pin_in&, hwlib::pin_in&, hwlib::pin_in&, hwlib::pin_in&, hwlib::pin_in&)
 .text._ZN5hwlib12port_oc_fromERNS_6pin_ocES1_S1_S1_S1_S1_S1_S1_S1_S1_S1_S1_S1_S1_S1_S1_
                0x0000000000003c7c       0x68 hwlib.o
                0x0000000000003c7c                hwlib::port_oc_from(hwlib::pin_oc&, hwlib::pin_oc&, hwlib::pin_oc&, hwlib::pin_oc&, hwlib::pin_oc&, hwlib::pin_oc&, hwlib::pin_oc&, hwlib::pin_oc&, hwlib::pin_oc&, hwlib::pin_oc&, hwlib::pin_oc&, hwlib::pin_oc&, hwlib::pin_oc&, hwlib::pin_oc&, hwlib::pin_oc&, hwlib::pin_oc&)
 .text._ZNK5hwlib5image4readENS_2xyE
                0x0000000000003ce4       0x3a hwlib.o
                0x0000000000003ce4                hwlib::image::read(hwlib::xy) const
 .text._ZNK5hwlib14image_invert_t19read_implementationENS_2xyE
                0x0000000000003d1e       0x64 hwlib.o
                0x0000000000003d1e                hwlib::image_invert_t::read_implementation(hwlib::xy) const
 *fill*         0x0000000000003d82        0x2 
 .text._ZN5hwlib6invertERKNS_5imageE
                0x0000000000003d84       0x18 hwlib.o
                0x0000000000003d84                hwlib::invert(hwlib::image const&)
 .text._ZN5hwlib13window_part_t20write_implementationENS_2xyENS_5colorE
                0x0000000000003d9c       0x2e hwlib.o
                0x0000000000003d9c                hwlib::window_part_t::write_implementation(hwlib::xy, hwlib::color)
 *fill*         0x0000000000003dca        0x2 
 .text._ZN5hwlib4partERNS_6windowENS_2xyES2_
                0x0000000000003dcc       0x5c hwlib.o
                0x0000000000003dcc                hwlib::part(hwlib::window&, hwlib::xy, hwlib::xy)
 .text._ZN3due9uart_initEv
                0x0000000000003e28       0x60 hwlib.o
                0x0000000000003e28                due::uart_init()
 .text._ZN3due9uart_putcEc
                0x0000000000003e88       0x20 hwlib.o
                0x0000000000003e88                due::uart_putc(char)
 .text._ZN5hwlib20cout_using_uart_putc4putcEc
                0x0000000000003ea8        0xa hwlib.o
                0x0000000000003ea8                hwlib::cout_using_uart_putc::putc(char)
 .text._ZN5hwlib6now_usEv
                0x0000000000003eb2       0x1c hwlib.o
                0x0000000000003eb2                hwlib::now_us()
 .text._ZN5hwlib12wait_us_busyEi
                0x0000000000003ece       0x1c hwlib.o
                0x0000000000003ece                hwlib::wait_us_busy(int)
 *fill*         0x0000000000003eea        0x2 
 .text._ZN3due8d2_36kHz5writeEb
                0x0000000000003eec       0x18 main.o
                0x0000000000003eec                due::d2_36kHz::write(bool)
 .text._ZN3due8d2_36kHz5flushEv
                0x0000000000003f04        0x2 main.o
                0x0000000000003f04                due::d2_36kHz::flush()
 .text._ZN4rtos7channelI11TypeMessageLi10EE5clearEv
                0x0000000000003f06       0x10 main.o
                0x0000000000003f06                rtos::channel<TypeMessage, 10>::clear()
 .text._ZN4rtos7channelIcLi18EE5clearEv
                0x0000000000003f16       0x10 main.o
                0x0000000000003f16                rtos::channel<char, 18>::clear()
 .text._ZN4rtos7channelI8buttonidLi10EE5clearEv
                0x0000000000003f26       0x10 main.o
                0x0000000000003f26                rtos::channel<buttonid, 10>::clear()
 .text._ZN4rtos7channelIiLi128EE5clearEv
                0x0000000000003f36       0x10 main.o
                0x0000000000003f36                rtos::channel<int, 128>::clear()
 *fill*         0x0000000000003f46        0x2 
 .text._ZN3due7pin_outC2ENS_4pinsE
                0x0000000000003f48       0x34 main.o
                0x0000000000003f48                due::pin_out::pin_out(due::pins)
                0x0000000000003f48                due::pin_out::pin_out(due::pins)
 .text._ZN4rtos8callbackD2Ev
                0x0000000000003f7c       0x30 main.o
                0x0000000000003f7c                rtos::callback::~callback()
                0x0000000000003f7c                rtos::callback::~callback()
 .text._ZN10PlayerInfoC2Ev
                0x0000000000003fac       0x68 main.o
                0x0000000000003fac                PlayerInfo::PlayerInfo()
                0x0000000000003fac                PlayerInfo::PlayerInfo()
 .text._ZN4rtos4taskILi4096EEC2EjPKc
                0x0000000000004014       0x54 main.o
                0x0000000000004014                rtos::task<4096>::task(unsigned int, char const*)
                0x0000000000004014                rtos::task<4096>::task(unsigned int, char const*)
 .text.startup.main
                0x0000000000004068      0x478 main.o
                0x0000000000004068                main
 .text.__startup
                0x00000000000044e0       0x48 bmptk_cortex.o
                0x00000000000044e0                __startup
 .text.__cxa_pure_virtual
                0x0000000000004528        0x2 bmptk_cortex.o
                0x0000000000004528                __cxa_pure_virtual
 *fill*         0x000000000000452a        0x2 
 .text.malloc   0x000000000000452c       0x24 bmptk_heap_bmptk.o
                0x000000000000452c                malloc
 .text          0x0000000000004550       0xa0 /usr/bin/../lib/gcc/arm-none-eabi/7.3.1/thumb/v7-m/libgcc.a(_aeabi_ldivmod.o)
                0x0000000000004550                __aeabi_ldivmod
 .text          0x00000000000045f0       0x30 /usr/bin/../lib/gcc/arm-none-eabi/7.3.1/thumb/v7-m/libgcc.a(_aeabi_uldivmod.o)
                0x00000000000045f0                __aeabi_uldivmod
 .text          0x0000000000004620      0x2d0 /usr/bin/../lib/gcc/arm-none-eabi/7.3.1/thumb/v7-m/libgcc.a(_udivmoddi4.o)
                0x0000000000004620                __udivmoddi4
 .text          0x00000000000048f0        0x4 /usr/bin/../lib/gcc/arm-none-eabi/7.3.1/thumb/v7-m/libgcc.a(_dvmd_tls.o)
                0x00000000000048f0                __aeabi_ldiv0
 .text          0x00000000000048f4       0xec /usr/bin/../lib/gcc/arm-none-eabi/7.3.1/../../../../arm-none-eabi/lib/thumb/v7-m/libc.a(lib_a-memcpy.o)
                0x00000000000048f4                memcpy
 .text.memset   0x00000000000049e0       0x94 /usr/bin/../lib/gcc/arm-none-eabi/7.3.1/../../../../arm-none-eabi/lib/thumb/v7-m/libc.a(lib_a-memset.o)
                0x00000000000049e0                memset
                0x0000000000004a74                . = ALIGN (0x4)
 *(.glue_7t .glue_7)
 .glue_7        0x0000000000004a74        0x0 linker stubs
 .glue_7t       0x0000000000004a74        0x0 linker stubs
                0x0000000000004a74                . = ALIGN (0x4)
 *(.rodata .rodata.* .gnu.linkonce.r.*)
 .rodata._ZTVN3due6pin_inE
                0x0000000000004a74       0x10 ButtonTaak.o
                0x0000000000004a74                vtable for due::pin_in
 .rodata._ZN3due8pin_infoENS_4pinsE.str1.1
                0x0000000000004a84       0x33 ButtonTaak.o
 *fill*         0x0000000000004ab7        0x1 
 .rodata._ZTV10ButtonTaak
                0x0000000000004ab8       0x14 ButtonTaak.o
                0x0000000000004ab8                vtable for ButtonTaak
 .rodata._ZZN3due8pin_infoENS_4pinsEE14pin_info_array
                0x0000000000004acc       0xa4 ButtonTaak.o
 .rodata._ZN16InputControlTaak4mainEv.str1.1
                0x0000000000004b70       0x32 InputControlTaak.o
                                         0x34 (size before relaxing)
 *fill*         0x0000000000004ba2        0x2 
 .rodata._ZTV16InputControlTaak
                0x0000000000004ba4       0x24 InputControlTaak.o
                0x0000000000004ba4                vtable for InputControlTaak
 .rodata._ZTVN5hwlib21port_direct_from_in_tE
                0x0000000000004bc8       0x14 KeypadTaak.o
                0x0000000000004bc8                vtable for hwlib::port_direct_from_in_t
 .rodata._ZTVN5hwlib21port_direct_from_oc_tE
                0x0000000000004bdc       0x1c KeypadTaak.o
                0x0000000000004bdc                vtable for hwlib::port_direct_from_oc_t
 .rodata._ZTVN3due6pin_ocE
                0x0000000000004bf8       0x18 KeypadTaak.o
                0x0000000000004bf8                vtable for due::pin_oc
 .rodata._ZTVN5hwlib6keypadILi16EEE
                0x0000000000004c10       0x14 KeypadTaak.o
                0x0000000000004c10                vtable for hwlib::keypad<16>
 .rodata._ZN10KeypadTaak4mainEv.str1.1
                0x0000000000004c24       0x12 KeypadTaak.o
 *fill*         0x0000000000004c36        0x2 
 .rodata._ZTV10KeypadTaak
                0x0000000000004c38       0x14 KeypadTaak.o
                0x0000000000004c38                vtable for KeypadTaak
 .rodata._ZN11RunGameTaak4mainEv.str1.1
                0x0000000000004c4c      0x101 runGameTaak.o
 .rodata._ZN4rtos7channelI8buttonidLi10EE4readEv.str1.1
                0x0000000000004d4d       0x34 runGameTaak.o
 *fill*         0x0000000000004d4d        0x3 
 .rodata._ZTV11RunGameTaak
                0x0000000000004d50       0x34 runGameTaak.o
                0x0000000000004d50                vtable for RunGameTaak
 .rodata._ZTV8SendTask
                0x0000000000004d84       0x14 SendTask.o
                0x0000000000004d84                vtable for SendTask
 .rodata._ZN23TransferHitsControlTaak4mainEv.str1.1
                0x0000000000004d98       0x3b TransferHitsControlTaak.o
                                         0x3d (size before relaxing)
 *fill*         0x0000000000004dd3        0x1 
 .rodata._ZTV23TransferHitsControlTaak
                0x0000000000004dd4       0x14 TransferHitsControlTaak.o
                0x0000000000004dd4                vtable for TransferHitsControlTaak
 .rodata._ZTV14pause_detector
                0x0000000000004de8       0x14 pause_detector.o
                0x0000000000004de8                vtable for pause_detector
 .rodata._ZTVN5hwlib26i2c_bus_bit_banged_scl_sdaE
                0x0000000000004dfc       0x34 DisplayTaak.o
                0x0000000000004dfc                vtable for hwlib::i2c_bus_bit_banged_scl_sda
 .rodata._ZTVN5hwlib4lineE
                0x0000000000004e30        0xc DisplayTaak.o
                0x0000000000004e30                vtable for hwlib::line
 .rodata._ZTVN5hwlib13terminal_fromE
                0x0000000000004e3c       0x20 DisplayTaak.o
                0x0000000000004e3c                vtable for hwlib::terminal_from
 .rodata._ZTVN5hwlib16font_default_8x8E
                0x0000000000004e5c        0xc DisplayTaak.o
                0x0000000000004e5c                vtable for hwlib::font_default_8x8
 .rodata._ZTVN5hwlib29glcd_oled_i2c_128x64_bufferedE
                0x0000000000004e68       0x18 DisplayTaak.o
                0x0000000000004e68                vtable for hwlib::glcd_oled_i2c_128x64_buffered
 .rodata._ZN11DisplayTaak4mainEv.str1.1
                0x0000000000004e80        0xd DisplayTaak.o
                                         0x41 (size before relaxing)
 .rodata._ZN5hwlibL11unspecifiedE
                0x0000000000004e8d        0x4 DisplayTaak.o
 .rodata._ZN5hwlibL22ssd1306_initializationE
                0x0000000000004e91       0x29 DisplayTaak.o
 *fill*         0x0000000000004eba        0x2 
 .rodata._ZTV11DisplayTaak
                0x0000000000004ebc       0x14 DisplayTaak.o
                0x0000000000004ebc                vtable for DisplayTaak
 .rodata._ZN11msg_decoder4mainEv.str1.1
                0x0000000000004ed0       0x35 msg_decoder.o
                                         0x6b (size before relaxing)
 *fill*         0x0000000000004f05        0x3 
 .rodata._ZTV11msg_decoder
                0x0000000000004f08       0x24 msg_decoder.o
                0x0000000000004f08                vtable for msg_decoder
 .rodata._ZTV11SpeakerTaak
                0x0000000000004f2c       0x14 SpeakerTaak.o
                0x0000000000004f2c                vtable for SpeakerTaak
 .rodata._ZTVN4rtos8waitableE
                0x0000000000004f40        0xc rtos.o
                0x0000000000004f40                vtable for rtos::waitable
 .rodata._ZTVN4rtos4flagE
                0x0000000000004f4c        0xc rtos.o
                0x0000000000004f4c                vtable for rtos::flag
 .rodata._ZTVN4rtos8callbackE
                0x0000000000004f58       0x10 rtos.o
                0x0000000000004f58                vtable for rtos::callback
 .rodata._ZTVN4rtos12channel_baseE
                0x0000000000004f68        0xc rtos.o
                0x0000000000004f68                vtable for rtos::channel_base
 .rodata._Z15task_trampolinev.str1.1
                0x0000000000004f74       0x2e rtos.o
 .rodata._ZN4rtos12waitable_set17waitable_allocateEv.str1.1
                0x0000000000004fa2       0x1b rtos.o
 .rodata._ZN4rtos3addEPNS_9task_baseE.str1.1
                0x0000000000004fbd       0x2e rtos.o
 .rodata._ZN4rtos4beatEv.str1.1
                0x0000000000004feb       0x3e rtos.o
 .rodata._ZN4rtos5printERN5hwlib7ostreamE.str1.1
                0x0000000000005029       0x83 rtos.o
 .rodata._ZN4rtos9task_base5blockEv.str1.1
                0x00000000000050ac       0x37 rtos.o
                                         0x4b (size before relaxing)
 .rodata._ZN4rtos9task_baseC2ER9coroutineILl0EEjPKc.str1.1
                0x00000000000050e3        0x8 rtos.o
 .rodata._ZNK4rtos12channel_base5printERN5hwlib7ostreamEb.str1.1
                0x00000000000050eb       0x23 rtos.o
 .rodata._ZNK4rtos12mailbox_base5printERN5hwlib7ostreamEb.str1.1
                0x000000000000510e       0x1b rtos.o
 .rodata._ZNK4rtos4flag5printERN5hwlib7ostreamEb.str1.1
                0x0000000000005129       0x1e rtos.o
 .rodata._ZNK4rtos5clock5printERN5hwlib7ostreamEb.str1.1
                0x0000000000005147       0x1d rtos.o
 .rodata._ZNK4rtos5eventeqERKS0_.str1.1
                0x0000000000005164       0x21 rtos.o
 .rodata._ZNK4rtos5eventplERKS0_.str1.1
                0x0000000000005185       0x1e rtos.o
 .rodata._ZNK4rtos5mutex5printERN5hwlib7ostreamEb.str1.1
                0x00000000000051a3       0x29 rtos.o
 .rodata._ZNK4rtos5timer5printERN5hwlib7ostreamEb.str1.1
                0x00000000000051cc       0x13 rtos.o
 .rodata._ZNK4rtos9pool_base5printERN5hwlib7ostreamEb.str1.1
                0x00000000000051df       0x10 rtos.o
 .rodata._ZNK4rtos9task_base5printERN5hwlib7ostreamEb.str1.1
                0x00000000000051ef       0x39 rtos.o
 .rodata._ZTVN4rtos5clockE
                0x0000000000005228       0x20 rtos.o
                0x0000000000005228                vtable for rtos::clock
 .rodata._ZTVN4rtos5timerE
                0x0000000000005248       0x24 rtos.o
                0x0000000000005248                vtable for rtos::timer
 .rodata._ZTVN4rtos9task_baseE
                0x000000000000526c       0x14 rtos.o
                0x000000000000526c                vtable for rtos::task_base
 .rodata._ZTVN5hwlib14pin_in_dummy_tE
                0x0000000000005280       0x10 hwlib.o
                0x0000000000005280                vtable for hwlib::pin_in_dummy_t
 .rodata._ZTVN5hwlib14pin_oc_dummy_tE
                0x0000000000005290       0x18 hwlib.o
                0x0000000000005290                vtable for hwlib::pin_oc_dummy_t
 .rodata._ZTVN5hwlib19port_in_from_pins_tE
                0x00000000000052a8       0x14 hwlib.o
                0x00000000000052a8                vtable for hwlib::port_in_from_pins_t
 .rodata._ZTVN5hwlib19port_oc_from_pins_tE
                0x00000000000052bc       0x1c hwlib.o
                0x00000000000052bc                vtable for hwlib::port_oc_from_pins_t
 .rodata._ZTVN5hwlib20cout_using_uart_putcE
                0x00000000000052d8       0x10 hwlib.o
                0x00000000000052d8                vtable for hwlib::cout_using_uart_putc
 .rodata._ZTVN5hwlib9image_8x8E
                0x00000000000052e8        0xc hwlib.o
                0x00000000000052e8                vtable for hwlib::image_8x8
 .rodata._ZTVN5hwlib14image_invert_tE
                0x00000000000052f4        0xc hwlib.o
                0x00000000000052f4                vtable for hwlib::image_invert_t
 .rodata._ZTVN5hwlib13window_part_tE
                0x0000000000005300       0x18 hwlib.o
                0x0000000000005300                vtable for hwlib::window_part_t
 .rodata._ZN5hwlib16font_default_8x86imagesE
                0x0000000000005318      0xa00 hwlib.o
                0x0000000000005318                hwlib::font_default_8x8::images
 .rodata._ZN5hwlibL5blackE
                0x0000000000005d18        0x4 hwlib.o
 .rodata._ZN5hwlibL5whiteE
                0x0000000000005d1c        0x4 hwlib.o
 .rodata._ZTVN3due7pin_outE
                0x0000000000005d20       0x10 main.o
                0x0000000000005d20                vtable for due::pin_out
 .rodata._ZTVN3due8d2_36kHzE
                0x0000000000005d30       0x10 main.o
                0x0000000000005d30                vtable for due::d2_36kHz
 .rodata._ZTVN4rtos4taskILi4096EEE
                0x0000000000005d40       0x14 main.o
                0x0000000000005d40                vtable for rtos::task<4096>
 .rodata._ZTVN4rtos7channelI11TypeMessageLi10EEE
                0x0000000000005d54        0xc main.o
                0x0000000000005d54                vtable for rtos::channel<TypeMessage, 10>
 .rodata._ZTV14pause_listener
                0x0000000000005d60        0xc main.o
                0x0000000000005d60                vtable for pause_listener
 .rodata._ZTVN4rtos7channelIiLi128EEE
                0x0000000000005d6c        0xc main.o
                0x0000000000005d6c                vtable for rtos::channel<int, 128>
 .rodata._ZTVN4rtos7channelIcLi18EEE
                0x0000000000005d78        0xc main.o
                0x0000000000005d78                vtable for rtos::channel<char, 18>
 .rodata._ZTVN4rtos7channelI8buttonidLi10EEE
                0x0000000000005d84        0xc main.o
                0x0000000000005d84                vtable for rtos::channel<buttonid, 10>
 .rodata._ZN10PlayerInfoC2Ev.str1.1
                0x0000000000005d90        0xe main.o
 .rodata._ZN4rtos8callbackD2Ev.str1.1
                0x0000000000005d9e       0x21 main.o
                                         0x35 (size before relaxing)
 .rodata.main.str1.1
                0x0000000000005dbf      0x153 main.o
                0x0000000000005f14                . = ALIGN (0x4)
 *fill*         0x0000000000005f12        0x2 
 *(.ARM.extab* .gnu.linkonce.armextab.*)
                0x0000000000005f14                . = ALIGN (0x4)
 *(.gcc_except_table)
                0x0000000000005f14                . = ALIGN (0x4)
 *(.eh_frame_hdr)
                0x0000000000005f14                . = ALIGN (0x4)
 *(.eh_frame)
                0x0000000000005f14                . = ALIGN (0x4)
                0x0000000000005f14                __text_end = .
                [!provide]                        PROVIDE (__text_end = __text_end)

.vfp11_veneer   0x0000000000005f14        0x0
 .vfp11_veneer  0x0000000000005f14        0x0 linker stubs

.v4_bx          0x0000000000005f14        0x0
 .v4_bx         0x0000000000005f14        0x0 linker stubs

.iplt           0x0000000000005f14        0x0
 .iplt          0x0000000000005f14        0x0 ButtonTaak.o

.IF_YOU_SEE_THIS_YOU_HAVE_ONE_OR_MORE_GLOBAL_OBJECT_CONSTRUCTORS
 *(.init)
 *(.preinit_array)
 *(SORT_BY_NAME(.init_array.*))
 *(.init_array)
                0x0000000000005f14                . = ALIGN (0x4)
                0x0000000000005f14                __exidx_start = .
                [!provide]                        PROVIDE (__exidx_start = __exidx_start)

.ARM.exidx      0x0000000000005f14        0x8
 *(.ARM.exidx* .gnu.linkonce.armexidx.*)
 .ARM.exidx     0x0000000000005f14        0x8 /usr/bin/../lib/gcc/arm-none-eabi/7.3.1/thumb/v7-m/libgcc.a(_udivmoddi4.o)

.rel.dyn        0x0000000000005f1c        0x0
 .rel.iplt      0x0000000000005f1c        0x0 ButtonTaak.o
                0x0000000000005f1c                . = ALIGN (0x4)
                0x0000000000005f1c                __exidx_end = .
                [!provide]                        PROVIDE (__exidx_end = __exidx_end)

.bss            0x0000000020000000    0x1405c
                0x0000000020000000                . = ALIGN (0x4)
                0x0000000020000000                __stack_start = .
                [!provide]                        PROVIDE (__stack_start = __stack_start)
                0x0000000020000000                . = ALIGN (0x4)
 *(.bmptk_stack)
 .bmptk_stack   0x0000000020000000    0x14000 bmptk_fixed_size_stack.o
                0x0000000020000000                bmptk_stack
                0x0000000020014000                . = ALIGN (0x8)
                0x0000000020014000                __main_stack_end = .
                [!provide]                        PROVIDE (__main_stack_end = __main_stack_end)
                0x0000000020014000                . = ALIGN (0x4)
                0x0000000020014000                __stack_end = .
                [!provide]                        PROVIDE (__stack_end = __stack_end)
                0x0000000020014000                . = ALIGN (0x4)
                0x0000000020014000                __bss_start = .
                [!provide]                        PROVIDE (__bss_start = __bss_start)
                0x0000000020014000                . = ALIGN (0x4)
 *(.bss .bss.* .gnu.linkonce.b.*)
 .bss._ZZN3due9now_ticksEvE4high
                0x0000000020014000        0x8 ButtonTaak.o
 .bss._ZZN3due9now_ticksEvE8last_low
                0x0000000020014008        0x4 ButtonTaak.o
 .bss._ZZN3due9now_ticksEvE9init_done
                0x000000002001400c        0x1 ButtonTaak.o
 *fill*         0x000000002001400d        0x3 
 .bss._ZN17coroutine_context7main_spE
                0x0000000020014010        0x4 coroutine.o
                0x0000000020014010                coroutine_context::main_sp
 .bss._ZN4rtos10must_clearE
                0x0000000020014014        0x1 rtos.o
                0x0000000020014014                rtos::must_clear
 *fill*         0x0000000020014015        0x3 
 .bss._ZN4rtos17rtos_current_taskE
                0x0000000020014018        0x4 rtos.o
                0x0000000020014018                rtos::rtos_current_task
 .bss._ZN4rtos17scheduler_runningE
                0x000000002001401c        0x1 rtos.o
                0x000000002001401c                rtos::scheduler_running
 *fill*         0x000000002001401d        0x3 
 .bss._ZN4rtos5flagsE
                0x0000000020014020        0x4 rtos.o
                0x0000000020014020                rtos::flags
 .bss._ZN4rtos5poolsE
                0x0000000020014024        0x4 rtos.o
                0x0000000020014024                rtos::pools
 .bss._ZN4rtos6clocksE
                0x0000000020014028        0x4 rtos.o
                0x0000000020014028                rtos::clocks
 .bss._ZN4rtos6timersE
                0x000000002001402c        0x4 rtos.o
                0x000000002001402c                rtos::timers
 .bss._ZN4rtos7mutexesE
                0x0000000020014030        0x4 rtos.o
                0x0000000020014030                rtos::mutexes
 .bss._ZN4rtos8channelsE
                0x0000000020014034        0x4 rtos.o
                0x0000000020014034                rtos::channels
 .bss._ZN4rtos8taskListE
                0x0000000020014038        0x4 rtos.o
                0x0000000020014038                rtos::taskList
 .bss._ZN4rtos9mailboxesE
                0x000000002001403c        0x4 rtos.o
                0x000000002001403c                rtos::mailboxes
 .bss._ZN4rtos9timerListE
                0x0000000020014040        0x4 rtos.o
                0x0000000020014040                rtos::timerList
 *fill*         0x0000000020014044        0x4 
 .bss.last_run_time
                0x0000000020014048        0x8 rtos.o
                0x0000000020014048                last_run_time
 .bss._ZN5hwlib10background5firstE
                0x0000000020014050        0x4 hwlib.o
                0x0000000020014050                hwlib::background::first
 .bss._ZN5hwlib10background7currentE
                0x0000000020014054        0x4 hwlib.o
                0x0000000020014054                hwlib::background::current
 .bss._ZN5hwlib10background7runningE
                0x0000000020014058        0x1 hwlib.o
                0x0000000020014058                hwlib::background::running
 .bss._ZZN3due9uart_initEvE9init_done
                0x0000000020014059        0x1 hwlib.o
                0x000000002001405c                . = ALIGN (0x4)
 *fill*         0x000000002001405a        0x2 
 *(COMMON)
                0x000000002001405c                . = ALIGN (0x4)
                0x000000002001405c                __bss_end = .
                [!provide]                        PROVIDE (__bss_end = __bss_end)

.data           0x000000002001405c       0x30 load address 0x0000000000005f1c
                0x000000002001405c                . = ALIGN (0x4)
                0x0000000000005f1c                __data_init_start = LOADADDR (.data)
                [!provide]                        PROVIDE (__data_init_start = __data_init_start)
                0x000000002001405c                __data_start = .
                [!provide]                        PROVIDE (__data_start = __data_start)
                0x000000002001405c                . = ALIGN (0x4)
 *(.data .data.* .gnu.linkonce.d.*)
 .data._ZN6sam3xa15SystemCoreClockE
                0x000000002001405c        0x4 ButtonTaak.o
                0x000000002001405c                sam3xa::SystemCoreClock
 .data._ZN17coroutine_context24current_coroutine_sp_ptrE
                0x0000000020014060        0x4 coroutine.o
                0x0000000020014060                coroutine_context::current_coroutine_sp_ptr
 .data._ZN3due7hw_uartE
                0x0000000020014064        0x4 hwlib.o
                0x0000000020014064                due::hw_uart
 .data._ZN5hwlib12pin_in_dummyE
                0x0000000020014068        0x4 hwlib.o
                0x0000000020014068                hwlib::pin_in_dummy
 .data._ZN5hwlib12pin_oc_dummyE
                0x000000002001406c        0x4 hwlib.o
                0x000000002001406c                hwlib::pin_oc_dummy
 .data._ZN5hwlib4coutE
                0x0000000020014070       0x14 hwlib.o
                0x0000000020014070                hwlib::cout
 .data._first_free
                0x0000000020014084        0x4 bmptk_heap_bmptk.o
                0x0000000020014084                _first_free
 .data._last_free
                0x0000000020014088        0x4 bmptk_heap_bmptk.o
                0x0000000020014088                _last_free
                0x000000002001408c                . = ALIGN (0x4)
                0x000000002001408c                __data_end = .
                [!provide]                        PROVIDE (__data_end = __data_end)
                0x0000000000005f1c                __data_init_end = LOADADDR (.data)
                [!provide]                        PROVIDE (__data_init_end = __data_init_end)
                [!provide]                        PROVIDE (__data_size = (__data_end - __data_start))
                [!provide]                        PROVIDE (__data_init_size = __data_size)
                [!provide]                        PROVIDE (__data_init_end = (__data_init_start + __data_init_size))

.igot.plt       0x000000002001408c        0x0 load address 0x0000000000005f4c
 .igot.plt      0x000000002001408c        0x0 ButtonTaak.o
                0x000000002001408c                . = ALIGN (0x4)
                0x000000002001408c                __heap_start = .
                [!provide]                        PROVIDE (__heap_start = __heap_start)
                0x000000002001408c                . = ALIGN (0x4)
                0x0000000020018000                __heap_end = __ram_end
                [!provide]                        PROVIDE (__heap_end = __heap_end)

.stab
 *(.stab)

.stabstr
 *(.stabstr)

.debug
 *(.debug)

.line
 *(.line)

.debug_srcinfo
 *(.debug_srcinfo)

.debug_sfnames
 *(.debug_sfnames)

.debug_aranges
 *(.debug_aranges)

.debug_pubnames
 *(.debug_pubnames)

.debug_info
 *(.debug_info .gnu.linkonce.wi.*)

.debug_abbrev
 *(.debug_abbrev)

.debug_line
 *(.debug_line)

.debug_frame    0x0000000000000000       0xdc
 *(.debug_frame)
 .debug_frame   0x0000000000000000       0x44 /usr/bin/../lib/gcc/arm-none-eabi/7.3.1/thumb/v7-m/libgcc.a(_aeabi_ldivmod.o)
 .debug_frame   0x0000000000000044       0x2c /usr/bin/../lib/gcc/arm-none-eabi/7.3.1/thumb/v7-m/libgcc.a(_aeabi_uldivmod.o)
 .debug_frame   0x0000000000000070       0x34 /usr/bin/../lib/gcc/arm-none-eabi/7.3.1/thumb/v7-m/libgcc.a(_udivmoddi4.o)
 .debug_frame   0x00000000000000a4       0x38 /usr/bin/../lib/gcc/arm-none-eabi/7.3.1/../../../../arm-none-eabi/lib/thumb/v7-m/libc.a(lib_a-memset.o)

.comment        0x0000000000000000       0x7f
 .comment       0x0000000000000000       0x7f ButtonTaak.o
                                         0x80 (size before relaxing)
 .comment       0x000000000000007f       0x80 InputControlTaak.o
 .comment       0x000000000000007f       0x80 KeypadTaak.o
 .comment       0x000000000000007f       0x80 PlayerInfo.o
 .comment       0x000000000000007f       0x80 runGameTaak.o
 .comment       0x000000000000007f       0x80 SendTask.o
 .comment       0x000000000000007f       0x80 TransferHitsControlTaak.o
 .comment       0x000000000000007f       0x80 pause_detector.o
 .comment       0x000000000000007f       0x80 DisplayTaak.o
 .comment       0x000000000000007f       0x80 msg_decoder.o
 .comment       0x000000000000007f       0x80 SpeakerTaak.o
 .comment       0x000000000000007f       0x80 coroutine.o
 .comment       0x000000000000007f       0x80 rtos.o
 .comment       0x000000000000007f       0x80 hwlib.o
 .comment       0x000000000000007f       0x80 main.o
 .comment       0x000000000000007f       0x80 bmptk_cortex.o
 .comment       0x000000000000007f       0x80 bmptk_heap_bmptk.o
 .comment       0x000000000000007f       0x80 bmptk_fixed_size_stack.o

.debug_str
 *(.debug_str)

.debug_loc
 *(.debug_loc)

.debug_macinfo
 *(.debug_macinfo)

.debug_weaknames
 *(.debug_weaknames)

.debug_funcnames
 *(.debug_funcnames)

.debug_typenames
 *(.debug_typenames)

.debug_varnames
 *(.debug_varnames)

.note.gnu.arm.ident
 *(.note.gnu.arm.ident)

.ARM.attributes
                0x0000000000000000       0x31
 *(.ARM.attributes)
 .ARM.attributes
                0x0000000000000000       0x33 ButtonTaak.o
 .ARM.attributes
                0x0000000000000033       0x33 InputControlTaak.o
 .ARM.attributes
                0x0000000000000066       0x33 KeypadTaak.o
 .ARM.attributes
                0x0000000000000099       0x33 PlayerInfo.o
 .ARM.attributes
                0x00000000000000cc       0x33 runGameTaak.o
 .ARM.attributes
                0x00000000000000ff       0x33 SendTask.o
 .ARM.attributes
                0x0000000000000132       0x33 TransferHitsControlTaak.o
 .ARM.attributes
                0x0000000000000165       0x33 pause_detector.o
 .ARM.attributes
                0x0000000000000198       0x33 DisplayTaak.o
 .ARM.attributes
                0x00000000000001cb       0x33 msg_decoder.o
 .ARM.attributes
                0x00000000000001fe       0x33 SpeakerTaak.o
 .ARM.attributes
                0x0000000000000231       0x21 switch_to.o
 .ARM.attributes
                0x0000000000000252       0x33 coroutine.o
 .ARM.attributes
                0x0000000000000285       0x33 rtos.o
 .ARM.attributes
                0x00000000000002b8       0x33 hwlib.o
 .ARM.attributes
                0x00000000000002eb       0x33 main.o
 .ARM.attributes
                0x000000000000031e       0x33 bmptk_cortex.o
 .ARM.attributes
                0x0000000000000351       0x33 bmptk_heap_bmptk.o
 .ARM.attributes
                0x0000000000000384       0x33 bmptk_fixed_size_stack.o
 .ARM.attributes
                0x00000000000003b7       0x1d /usr/bin/../lib/gcc/arm-none-eabi/7.3.1/thumb/v7-m/libgcc.a(_aeabi_ldivmod.o)
 .ARM.attributes
                0x00000000000003d4       0x1d /usr/bin/../lib/gcc/arm-none-eabi/7.3.1/thumb/v7-m/libgcc.a(_aeabi_uldivmod.o)
 .ARM.attributes
                0x00000000000003f1       0x2d /usr/bin/../lib/gcc/arm-none-eabi/7.3.1/thumb/v7-m/libgcc.a(_udivmoddi4.o)
 .ARM.attributes
                0x000000000000041e       0x1d /usr/bin/../lib/gcc/arm-none-eabi/7.3.1/thumb/v7-m/libgcc.a(_dvmd_tls.o)
 .ARM.attributes
                0x000000000000043b       0x1b /usr/bin/../lib/gcc/arm-none-eabi/7.3.1/../../../../arm-none-eabi/lib/thumb/v7-m/libc.a(lib_a-memcpy.o)
 .ARM.attributes
                0x0000000000000456       0x2d /usr/bin/../lib/gcc/arm-none-eabi/7.3.1/../../../../arm-none-eabi/lib/thumb/v7-m/libc.a(lib_a-memset.o)

/DISCARD/
 *(.note.GNU-stack)
                [!provide]                        PROVIDE (__text_size = (__text_end - __text_start))
                [!provide]                        PROVIDE (__exidx_size = (__exidx_end - __exidx_start))
                [!provide]                        PROVIDE (__bss_size = (__bss_end - __bss_start))
                [!provide]                        PROVIDE (__stack_size = (__stack_end - __stack_start))
                [!provide]                        PROVIDE (__heap_size = (__heap_end - __heap_start))
OUTPUT(main.elf elf32-littlearm)
